MPLINK 4.33, Linker
Linker Map File - Created Mon Jul 13 08:44:56 2015

                                 Section Info
                  Section       Type    Address   Location Size(Bytes)
                ---------  ---------  ---------  ---------  ---------
               _entry_scn       code   0x000000    program   0x000006
           .code___init.o       code   0x000006    program   0x000002
               highVector       code   0x000008    program   0x000006
      .romdata_MainDemo.o    romdata   0x00000e    program   0x000006
         .romdata_HTTP2.o    romdata   0x000014    program   0x000003
.idata_UART2TCPBridge.o_i    romdata   0x000017    program   0x000000
         .romdata_Delay.o    romdata   0x000017    program   0x000000
          .romdata_Tick.o    romdata   0x000017    program   0x000000
.romdata_UDPPerformanceTest.o    romdata   0x000017    program   0x000000
.idata_UDPPerformanceTest.o_i    romdata   0x000017    program   0x000000
        .idata_Telnet.o_i    romdata   0x000017    program   0x000000
.idata_TCPPerformanceTest.o_i    romdata   0x000017    program   0x000000
         .romdata_DHCPs.o    romdata   0x000017    program   0x000000
      .romdata_StackTsk.o    romdata   0x000017    program   0x000000
        .idata_SPIRAM.o_i    romdata   0x000017    program   0x000000
      .romdata_SPIFlash.o    romdata   0x000017    program   0x000000
     .idata_SPIEEPROM.o_i    romdata   0x000017    program   0x000000
          .romdata_SNTP.o    romdata   0x000017    program   0x000000
        .romdata_DynDNS.o    romdata   0x000017    program   0x000000
          .idata_SNMP.o_i    romdata   0x000017    program   0x000000
          .idata_SMTP.o_i    romdata   0x000017    program   0x000000
          .romdata_MPFS.o    romdata   0x000017    program   0x000000
   .romdata_LCDBlocking.o    romdata   0x000017    program   0x000000
          .romdata_ICMP.o    romdata   0x000017    program   0x000000
      .romdata_ETH97J60.o    romdata   0x000017    program   0x000000
          .romdata_HTTP.o    romdata   0x000017    program   0x000000
         .idata_c018i.o_i    romdata   0x000017    program   0x000000
         .romdata_c018i.o    romdata   0x000017    program   0x000000
      .romdata_fxd1616u.o    romdata   0x000017    program   0x000000
      .idata_fxd1616u.o_i    romdata   0x000017    program   0x000000
 .romdata_CustomSNMPApp.o    romdata   0x000017    program   0x000000
   .romdata_RS485Manage.o    romdata   0x000017    program   0x000000
   .romdata_SHT10Manage.o    romdata   0x000017    program   0x000000
.romdata_RelayStartUpDelay.o    romdata   0x000017    program   0x000000
.idata_RelayStartUpDelay.o_i    romdata   0x000017    program   0x000001
     .romdata_PingCheck.o    romdata   0x000017    program   0x000000
        .romdata_DS1302.o    romdata   0x000017    program   0x000000
      .romdata_ClockUse.o    romdata   0x000017    program   0x000000
         .romdata_MyApp.o    romdata   0x000017    program   0x000000
         .romdata_TFTPc.o    romdata   0x000017    program   0x000000
   .romdata_BerkeleyAPI.o    romdata   0x000017    program   0x000000
.romdata_GenericTCPClient.o    romdata   0x000017    program   0x000000
    .romdata_UARTConfig.o    romdata   0x000017    program   0x000000
      .romdata_SMTPDemo.o    romdata   0x000017    program   0x000000
       .romdata_MPFSImg.o    romdata   0x000017    program   0x000000
           .romdata_ARP.o    romdata   0x000017    program   0x000000
          .romdata_UART.o    romdata   0x000017    program   0x000000
                lowVector       code   0x000018    program   0x000006
                   .cinit    romdata   0x00001e    program   0x0000e6
              .code_TCP.o       code   0x000104    program   0x003ff2
    .code_CustomHTTPApp.o       code   0x0040f6    program   0x003402
            .code_HTTP2.o       code   0x0074f8    program   0x003072
            .code_MPFS2.o       code   0x00a56a    program   0x0016ca
      .code_BerkeleyAPI.o       code   0x00bc34    program   0x001402
   .code_BerkeleyClient.o       code   0x00d036    program   0x000d1c
          .code_Helpers.o       code   0x00dd52    program   0x000b2e
           .code_Hashes.o       code   0x00e880    program   0x000b06
             .stringtable    romdata   0x00f386    program   0x000a93
.romdata_TCPPerformanceTest.o    romdata   0x00fe19    program   0x000000
       .romdata_TimeTsk.o    romdata   0x00fe19    program   0x000000
      .idata_StackTsk.o_i    romdata   0x00fe19    program   0x000000
        .romdata_SPIRAM.o    romdata   0x00fe19    program   0x000000
   .romdata_DeviceCheck.o    romdata   0x00fe19    program   0x000000
           .romdata_DNS.o    romdata   0x00fe19    program   0x000000
      .idata_SPIFlash.o_i    romdata   0x00fe19    program   0x000000
     .romdata_SPIEEPROM.o    romdata   0x00fe19    program   0x000000
      .idata_fxd3232u.o_i    romdata   0x00fe19    program   0x000000
      .romdata_fxd3232u.o    romdata   0x00fe19    program   0x000000
          .idata_SNTP.o_i    romdata   0x00fe19    program   0x000000
          .romdata_SNMP.o    romdata   0x00fe19    program   0x000000
        .idata___init.o_i    romdata   0x00fe19    program   0x000000
        .romdata_Telnet.o    romdata   0x00fe19    program   0x000000
      .romdata_fxd0808u.o    romdata   0x00fe19    program   0x000000
          .romdata_DHCP.o    romdata   0x00fe19    program   0x000000
      .idata_fxd0808u.o_i    romdata   0x00fe19    program   0x000000
.romdata_UART2TCPBridge.o    romdata   0x00fe19    program   0x000000
          .idata_UART.o_i    romdata   0x00fe19    program   0x000000
           .romdata_UDP.o    romdata   0x00fe19    program   0x000000
         .idata_TFTPc.o_i    romdata   0x00fe19    program   0x000000
.romdata_BerkeleyClient.o    romdata   0x00fe19    program   0x000000
      .romdata_MPFSImg2.o    romdata   0x00fe19    program   0x000000
 .romdata_LegacyHTTPApp.o    romdata   0x00fe19    program   0x000000
.romdata_GenericTCPServer.o    romdata   0x00fe19    program   0x000000
      .idata_SMTPDemo.o_i    romdata   0x00fe19    program   0x000000
    .idata_UARTConfig.o_i    romdata   0x00fe19    program   0x000000
      .romdata_Announce.o    romdata   0x00fe19    program   0x000000
           .romdata_FTP.o    romdata   0x00fe19    program   0x000000
         .romdata_SHT10.o    romdata   0x00fe19    program   0x000000
       .romdata_Helpers.o    romdata   0x00fe19    program   0x000000
   .idata_SHT10Manage.o_i    romdata   0x00fe19    program   0x000000
     .idata_PingCheck.o_i    romdata   0x00fe19    program   0x000000
       .romdata_DS18B20.o    romdata   0x00fe19    program   0x000000
            .romdata_IP.o    romdata   0x00fe19    program   0x000000
 .romdata_CustomHTTPApp.o    romdata   0x00fe19    program   0x000000
         .romdata_MPFS2.o    romdata   0x00fe19    program   0x000000
         .romdata_RS485.o    romdata   0x00fe19    program   0x000000
      .romdata_ENC28J60.o    romdata   0x00fe19    program   0x000000
        .romdata___init.o    romdata   0x00fe19    program   0x000000
          .romdata_SMTP.o    romdata   0x00fe19    program   0x000000
         .idata_RS485.o_i    romdata   0x00fe19    program   0x000000
        .romdata_Reboot.o    romdata   0x00fe19    program   0x000000
        .idata_Reboot.o_i    romdata   0x00fe19    program   0x000000
          .idata_NBNS.o_i    romdata   0x00fe19    program   0x000001
          .romdata_NBNS.o    romdata   0x00fe19    program   0x000000
             .code_DHCP.o       code   0x00fe1a    program   0x000a64
              .code_UDP.o       code   0x01087e    program   0x000a2e
         .code_ETH97J60.o       code   0x0112ac    program   0x000900
      .code_RS485Manage.o       code   0x011bac    program   0x0008ae
         .code_MainDemo.o       code   0x01245a    program   0x0007ea
      .code_LCDBlocking.o       code   0x012c44    program   0x0007e0
.code_RelayStartUpDelay.o       code   0x013424    program   0x000684
            .code_SHT10.o       code   0x013aa8    program   0x00063e
                     PROG       code   0x0140e6    program   0x000592
             .code_NBNS.o       code   0x014678    program   0x000476
              .code_ARP.o       code   0x014aee    program   0x000446
           .code_DS1302.o       code   0x014f34    program   0x000388
      .code_SHT10Manage.o       code   0x0152bc    program   0x00037c
                   STRING       code   0x015638    program   0x00032c
               .code_IP.o       code   0x015964    program   0x00029e
         .code_Announce.o       code   0x015c02    program   0x000262
        .code_SPIEEPROM.o       code   0x015e64    program   0x00024c
         .code_StackTsk.o       code   0x0160b0    program   0x000226
                   STDLIB       code   0x0162d6    program   0x000192
        .romdata_Hashes.o    romdata   0x016468    program   0x000140
          .code_TimeTsk.o       code   0x0165a8    program   0x00010e
             .code_Tick.o       code   0x0166b6    program   0x0000da
             .code_ICMP.o       code   0x016790    program   0x0000d4
            .code_MyApp.o       code   0x016864    program   0x0000d0
               _cinit_scn       code   0x016934    program   0x00009e
      .code_DeviceCheck.o       code   0x0169d2    program   0x000090
            .code_RS485.o       code   0x016a62    program   0x00005e
         .code_fxd3232u.o       code   0x016ac0    program   0x000048
         .code_fxd1616u.o       code   0x016b08    program   0x00002c
              D1KTCYXCODE       code   0x016b34    program   0x000020
             _startup_scn       code   0x016b54    program   0x00001c
         .code_fxd0808u.o       code   0x016b70    program   0x00001c
              D10TCYXCODE       code   0x016b8c    program   0x000016
           .romdata_TCP.o    romdata   0x016ba2    program   0x000012
              SEED_DATA_i    romdata   0x016bb4    program   0x000002
           .idata_UDP.o_i    romdata   0x016bb6    program   0x000002
       .idata_TimeTsk.o_i    romdata   0x016bb8    program   0x000002
          .idata_Tick.o_i    romdata   0x016bba    program   0x000004
           .idata_TCP.o_i    romdata   0x016bbe    program   0x000002
         .idata_SHT10.o_i    romdata   0x016bc0    program   0x00000f
   .idata_RS485Manage.o_i    romdata   0x016bcf    program   0x000007
         .idata_MyApp.o_i    romdata   0x016bd6    program   0x000000
      .idata_MainDemo.o_i    romdata   0x016bd6    program   0x00002c
 .idata_LegacyHTTPApp.o_i    romdata   0x016c02    program   0x000000
          .idata_MPFS.o_i    romdata   0x016c02    program   0x000000
      .idata_MPFSImg2.o_i    romdata   0x016c02    program   0x000000
       .idata_MPFSImg.o_i    romdata   0x016c02    program   0x000000
         .idata_MPFS2.o_i    romdata   0x016c02    program   0x000000
   .idata_LCDBlocking.o_i    romdata   0x016c02    program   0x000002
            .idata_IP.o_i    romdata   0x016c04    program   0x000002
        .idata_Hashes.o_i    romdata   0x016c06    program   0x000000
       .idata_Helpers.o_i    romdata   0x016c06    program   0x000000
         .idata_HTTP2.o_i    romdata   0x016c06    program   0x000078
          .idata_ICMP.o_i    romdata   0x016c06    program   0x000000
      .idata_ENC28J60.o_i    romdata   0x016c7e    program   0x000000
        .idata_DS1302.o_i    romdata   0x016c7e    program   0x000000
       .idata_DS18B20.o_i    romdata   0x016c7e    program   0x000000
      .idata_ETH97J60.o_i    romdata   0x016c7e    program   0x000000
          .idata_HTTP.o_i    romdata   0x016c7e    program   0x000000
           .idata_FTP.o_i    romdata   0x016c7e    program   0x000000
        .idata_DynDNS.o_i    romdata   0x016c7e    program   0x000000
           .idata_DNS.o_i    romdata   0x016c7e    program   0x000000
   .idata_DeviceCheck.o_i    romdata   0x016c7e    program   0x000000
         .idata_DHCPs.o_i    romdata   0x016c7e    program   0x000000
          .idata_DHCP.o_i    romdata   0x016c7e    program   0x000004
         .idata_Delay.o_i    romdata   0x016c7e    program   0x000000
.idata_GenericTCPClient.o_i    romdata   0x016c7e    program   0x000000
.idata_GenericTCPServer.o_i    romdata   0x016c7e    program   0x000000
 .idata_CustomHTTPApp.o_i    romdata   0x016c82    program   0x000002
 .idata_CustomSNMPApp.o_i    romdata   0x016c82    program   0x000000
.idata_BerkeleyClient.o_i    romdata   0x016c84    program   0x000029
      .idata_ClockUse.o_i    romdata   0x016c84    program   0x000000
   .idata_BerkeleyAPI.o_i    romdata   0x016cad    program   0x000003
      .idata_Announce.o_i    romdata   0x016cb0    program   0x000001
           .idata_ARP.o_i    romdata   0x016cb1    program   0x000001
    .code_CustomSNMPApp.o       code   0x016cb2    program   0x000000
            .code_c018i.o       code   0x016cb2    program   0x000000
              .code_FTP.o       code   0x016cb2    program   0x000000
             .code_HTTP.o       code   0x016cb2    program   0x000000
         .code_ENC28J60.o       code   0x016cb2    program   0x000000
             .code_MPFS.o       code   0x016cb2    program   0x000000
           .code_Reboot.o       code   0x016cb2    program   0x000000
             .code_SMTP.o       code   0x016cb2    program   0x000000
           .code_DynDNS.o       code   0x016cb2    program   0x000000
             .code_SNMP.o       code   0x016cb2    program   0x000000
             .code_SNTP.o       code   0x016cb2    program   0x000000
              .code_DNS.o       code   0x016cb2    program   0x000000
         .code_SPIFlash.o       code   0x016cb2    program   0x000000
           .code_SPIRAM.o       code   0x016cb2    program   0x000000
            .code_DHCPs.o       code   0x016cb2    program   0x000000
.code_TCPPerformanceTest.o       code   0x016cb2    program   0x000000
           .code_Telnet.o       code   0x016cb2    program   0x000000
.code_UDPPerformanceTest.o       code   0x016cb2    program   0x000000
        .code_PingCheck.o       code   0x016cb2    program   0x000000
          .code_DS18B20.o       code   0x016cb2    program   0x000000
         .code_ClockUse.o       code   0x016cb2    program   0x000000
            .code_TFTPc.o       code   0x016cb2    program   0x000000
 .code_GenericTCPServer.o       code   0x016cb2    program   0x000000
 .code_GenericTCPClient.o       code   0x016cb2    program   0x000000
       .code_UARTConfig.o       code   0x016cb2    program   0x000000
         .code_SMTPDemo.o       code   0x016cb2    program   0x000000
    .code_LegacyHTTPApp.o       code   0x016cb2    program   0x000000
         .code_MPFSImg2.o       code   0x016cb2    program   0x000000
          .code_MPFSImg.o       code   0x016cb2    program   0x000000
             .code_UART.o       code   0x016cb2    program   0x000000
   .code_UART2TCPBridge.o       code   0x016cb2    program   0x000000
            .code_Delay.o       code   0x016cb2    program   0x000000
 .config_1fff8_MainDemo.o    romdata   0x01fff8    program   0x000001
 .config_1fffa_MainDemo.o    romdata   0x01fffa    program   0x000001
 .config_1fffd_MainDemo.o    romdata   0x01fffd    program   0x000001
                MATH_DATA      udata   0x000000       data   0x000014
                 .tmpdata      udata   0x000014       data   0x000014
                DELAYDAT1      udata   0x000028       data   0x000001
           .udata_MPFS2.o      udata   0x000060       data   0x00009e
                SEED_DATA      idata   0x0000fe       data   0x000002
        .udata_MainDemo.o      udata   0x000100       data   0x0000f2
          .udata_DS1302.o      udata   0x0001f2       data   0x00000d
         .udata_TimeTsk.o      udata   0x0001ff       data   0x000001
   HTTP_CONNECTION_STATES      udata   0x000200       data   0x0000e8
     .udata_SHT10Manage.o      udata   0x0002e8       data   0x000016
     .udata_DeviceCheck.o      udata   0x0002fe       data   0x000002
             .udata_UDP.o      udata   0x000300       data   0x0000c6
       .udata_SPIEEPROM.o      udata   0x0003c6       data   0x000036
            .udata_ICMP.o      udata   0x0003fc       data   0x000004
             .udata_TCP.o      udata   0x000400       data   0x0000c2
       SYN_QUEUE_RAM_SECT      udata   0x0004c2       data   0x00003c
             .idata_UDP.o      idata   0x0004fe       data   0x000002
   .udata_CustomHTTPApp.o      udata   0x000500       data   0x000072
          .udata_Hashes.o      udata   0x000572       data   0x00006a
           .udata_HTTP2.o      udata   0x0005dc       data   0x000021
           .udata_MyApp.o      udata   0x0005fd       data   0x000003
     .udata_BerkeleyAPI.o      udata   0x000600       data   0x00004d
                 BSD_uRAM      udata   0x00064d       data   0x000046
        .udata_ETH97J60.o      udata   0x000693       data   0x000034
         .udata_Helpers.o      udata   0x0006c7       data   0x000033
           .udata_SHT10.o      udata   0x0006fa       data   0x000006
  .udata_BerkeleyClient.o      udata   0x000700       data   0x000030
        .idata_MainDemo.o      idata   0x000730       data   0x00002c
  .idata_BerkeleyClient.o      idata   0x00075c       data   0x000029
     .udata_RS485Manage.o      udata   0x000785       data   0x000026
     .udata_LCDBlocking.o      udata   0x0007ab       data   0x000026
             .udata_ARP.o      udata   0x0007d1       data   0x00001e
           .idata_SHT10.o      idata   0x0007ef       data   0x00000f
         .idata_TimeTsk.o      idata   0x0007fe       data   0x000002
            .udata_DHCP.o      udata   0x000800       data   0x00001b
              .udata_IP.o      udata   0x00081b       data   0x000012
           .udata_c018i.o      udata   0x00082d       data   0x00000a
            .udata_Tick.o      udata   0x000837       data   0x00000a
            .udata_NBNS.o      udata   0x000841       data   0x000005
            .idata_Tick.o      idata   0x000846       data   0x000004
            .idata_DHCP.o      idata   0x00084a       data   0x000004
     .idata_BerkeleyAPI.o      idata   0x00084e       data   0x000003
             .idata_TCP.o      idata   0x000851       data   0x000002
     .idata_LCDBlocking.o      idata   0x000853       data   0x000002
              .idata_IP.o      idata   0x000855       data   0x000002
   .idata_CustomHTTPApp.o      idata   0x000857       data   0x000002
.idata_RelayStartUpDelay.o      idata   0x000859       data   0x000001
            .idata_NBNS.o      idata   0x00085a       data   0x000001
        .idata_Announce.o      idata   0x00085b       data   0x000001
             .idata_ARP.o      idata   0x00085c       data   0x000001
        .udata_SPIFlash.o      udata   0x00085d       data   0x000000
        .idata_SPIFlash.o      idata   0x00085d       data   0x000000
          .udata_SPIRAM.o      udata   0x00085d       data   0x000000
          .idata_SPIRAM.o      idata   0x00085d       data   0x000000
        .idata_StackTsk.o      idata   0x00085d       data   0x000000
.udata_TCPPerformanceTest.o      udata   0x00085d       data   0x000000
.idata_TCPPerformanceTest.o      idata   0x00085d       data   0x000000
          .udata_Telnet.o      udata   0x00085d       data   0x000000
          .idata_Telnet.o      idata   0x00085d       data   0x000000
.udata_UDPPerformanceTest.o      udata   0x00085d       data   0x000000
            .udata_HTTP.o      udata   0x00085d       data   0x000000
       .idata_SPIEEPROM.o      idata   0x00085d       data   0x000000
            .idata_SNTP.o      idata   0x00085d       data   0x000000
            .udata_SNTP.o      udata   0x00085d       data   0x000000
            .idata_SNMP.o      idata   0x00085d       data   0x000000
            .udata_SNMP.o      udata   0x00085d       data   0x000000
            .idata_SMTP.o      idata   0x00085d       data   0x000000
            .udata_SMTP.o      udata   0x00085d       data   0x000000
          .idata_Reboot.o      idata   0x00085d       data   0x000000
          .udata_Reboot.o      udata   0x00085d       data   0x000000
            .idata_HTTP.o      idata   0x00085d       data   0x000000
            .idata_MPFS.o      idata   0x00085d       data   0x000000
            .udata_MPFS.o      udata   0x00085d       data   0x000000
           .idata_MPFS2.o      idata   0x00085d       data   0x000000
            .idata_ICMP.o      idata   0x00085d       data   0x000000
           .idata_c018i.o      idata   0x00085d       data   0x000000
.udata_RelayStartUpDelay.o      udata   0x00085d       data   0x000000
       .idata_PingCheck.o      idata   0x00085d       data   0x000000
       .udata_PingCheck.o      udata   0x00085d       data   0x000000
         .idata_DS18B20.o      idata   0x00085d       data   0x000000
         .udata_DS18B20.o      udata   0x00085d       data   0x000000
          .idata_DS1302.o      idata   0x00085d       data   0x000000
           .idata_RS485.o      idata   0x00085d       data   0x000000
     .idata_DeviceCheck.o      idata   0x00085d       data   0x000000
        .idata_ClockUse.o      idata   0x00085d       data   0x000000
        .udata_ClockUse.o      udata   0x00085d       data   0x000000
           .idata_MyApp.o      idata   0x00085d       data   0x000000
     .idata_SHT10Manage.o      idata   0x00085d       data   0x000000
.idata_GenericTCPServer.o      idata   0x00085d       data   0x000000
.udata_GenericTCPServer.o      udata   0x00085d       data   0x000000
.idata_GenericTCPClient.o      idata   0x00085d       data   0x000000
.udata_GenericTCPClient.o      udata   0x00085d       data   0x000000
      .idata_UARTConfig.o      idata   0x00085d       data   0x000000
      .udata_UARTConfig.o      udata   0x00085d       data   0x000000
        .idata_SMTPDemo.o      idata   0x00085d       data   0x000000
        .udata_SMTPDemo.o      udata   0x00085d       data   0x000000
   .idata_LegacyHTTPApp.o      idata   0x00085d       data   0x000000
   .udata_LegacyHTTPApp.o      udata   0x00085d       data   0x000000
        .idata_MPFSImg2.o      idata   0x00085d       data   0x000000
        .udata_MPFSImg2.o      udata   0x00085d       data   0x000000
         .idata_MPFSImg.o      idata   0x00085d       data   0x000000
         .udata_MPFSImg.o      udata   0x00085d       data   0x000000
            .idata_UART.o      idata   0x00085d       data   0x000000
            .udata_UART.o      udata   0x00085d       data   0x000000
  .idata_UART2TCPBridge.o      idata   0x00085d       data   0x000000
  .udata_UART2TCPBridge.o      udata   0x00085d       data   0x000000
.idata_UDPPerformanceTest.o      idata   0x00085d       data   0x000000
          .udata___init.o      udata   0x00085d       data   0x000000
           .udata_TFTPc.o      udata   0x00085d       data   0x000000
   .idata_CustomSNMPApp.o      idata   0x00085d       data   0x000000
           .idata_TFTPc.o      idata   0x00085d       data   0x000000
          .idata___init.o      idata   0x00085d       data   0x000000
        .idata_ETH97J60.o      idata   0x00085d       data   0x000000
          .idata_Hashes.o      idata   0x00085d       data   0x000000
         .idata_Helpers.o      idata   0x00085d       data   0x000000
        .idata_ENC28J60.o      idata   0x00085d       data   0x000000
        .udata_ENC28J60.o      udata   0x00085d       data   0x000000
          .idata_DynDNS.o      idata   0x00085d       data   0x000000
          .udata_DynDNS.o      udata   0x00085d       data   0x000000
           .udata_Delay.o      udata   0x00085d       data   0x000000
           .idata_Delay.o      idata   0x00085d       data   0x000000
             .idata_DNS.o      idata   0x00085d       data   0x000000
             .udata_DNS.o      udata   0x00085d       data   0x000000
           .udata_DHCPs.o      udata   0x00085d       data   0x000000
           .idata_DHCPs.o      idata   0x00085d       data   0x000000
        .idata_fxd3232u.o      idata   0x00085d       data   0x000000
             .idata_FTP.o      idata   0x00085d       data   0x000000
   .udata_CustomSNMPApp.o      udata   0x00085d       data   0x000000
             .udata_FTP.o      udata   0x00085d       data   0x000000
        .udata_fxd3232u.o      udata   0x00085d       data   0x000000
        .idata_fxd1616u.o      idata   0x00085d       data   0x000000
        .udata_fxd1616u.o      udata   0x00085d       data   0x000000
        .udata_fxd0808u.o      udata   0x00085d       data   0x000000
        .idata_fxd0808u.o      idata   0x00085d       data   0x000000
   TCP.o:TCPGetTxFIFOFull     actrec   0x000c00       data   0x000004
             TCP.o:TCPGet     actrec   0x000c00       data   0x000002
   TCP.o:TCPGetRxFIFOFree     actrec   0x000c00       data   0x000004
     TCP.o:TCPFindArrayEx     actrec   0x000c00       data   0x000030
  TCP.o:TCPFindROMArrayEx     actrec   0x000c00       data   0x000031
            TCP.o:TCPTick     actrec   0x000c00       data   0x000006
         TCP.o:TCPProcess     actrec   0x000c00       data   0x000025
  TCP.o:TCPAdjustFIFOSize     actrec   0x000c00       data   0x000006
      TCP.o:TCPRAMCopyROM     actrec   0x000c00       data   0x000012
         UDP.o:UDPProcess     actrec   0x000c00       data   0x000019
     UDP.o:UDPPutROMArray     actrec   0x000c00       data   0x000002
            UDP.o:UDPInit     actrec   0x000c00       data   0x000001
CustomHTTPApp.o:HTTPExecutePostIpManage     actrec   0x000c00       data   0x00001e
CustomHTTPApp.o:HTTPPrint_showA     actrec   0x000c00       data   0x000005
     Tick.o:TickGetDiv64K     actrec   0x000c00       data   0x000004
  ETH97J60.o:MACGetHeader     actrec   0x000c00       data   0x000014
CustomHTTPApp.o:HTTPPrintIP     actrec   0x000c00       data   0x000005
     SHT10.o:s_write_byte     actrec   0x000c00       data   0x000002
         RS485.o:RS485_RW     actrec   0x000c00       data   0x000001
MainDemo.o:DisplayIPValue     actrec   0x000c00       data   0x000007
      DS1302.o:ReadDS1302     actrec   0x000c00       data   0x000002
     DS1302.o:DS1302_Init     actrec   0x000c00       data   0x000001
         DS1302.o:ReadRTC     actrec   0x000c00       data   0x000004
       DS1302.o:UpdataRTC     actrec   0x000c00       data   0x000004
         DS1302.o:Hex2BCD     actrec   0x000c00       data   0x000004
         DS1302.o:BCD2Hex     actrec   0x000c00       data   0x000004
CustomHTTPApp.o:HTTPPrint_pot     actrec   0x000c00       data   0x00000a
CustomHTTPApp.o:HTTPPrint_ERRORNO     actrec   0x000c00       data   0x000010
CustomHTTPApp.o:HTTPPrint_Control_status     actrec   0x000c00       data   0x000005
CustomHTTPApp.o:HTTPPrint_PDU_Model     actrec   0x000c00       data   0x000007
RelayStartUpDelay.o:RelayControl     actrec   0x000c00       data   0x000001
CustomHTTPApp.o:HTTPPrint_REPLAY_ON_OFF     actrec   0x000c00       data   0x00000d
CustomHTTPApp.o:HTTPPrintshowAx     actrec   0x000c00       data   0x00000b
         DHCP.o:_DHCPSend     actrec   0x000c00       data   0x000005
      DHCP.o:_DHCPReceive     actrec   0x000c00       data   0x000009
         ARP.o:ARPProcess     actrec   0x000c00       data   0x00001c
CustomHTTPApp.o:HTTPExecuteGet     actrec   0x000c00       data   0x000016
CustomHTTPApp.o:HTTPCheckAuth     actrec   0x000c00       data   0x000024
BerkeleyAPI.o:BerkeleySocketInit     actrec   0x000c00       data   0x000003
     BerkeleyAPI.o:listen     actrec   0x000c00       data   0x000002
     BerkeleyAPI.o:accept     actrec   0x000c00       data   0x000009
SHT10Manage.o:TPHIConvert     actrec   0x000c00       data   0x000006
 Announce.o:DiscoveryTask     actrec   0x000c00       data   0x000001
        SHT10.o:CalcSht10     actrec   0x000c00       data   0x000028
SHT10.o:s_connectionreset     actrec   0x000c00       data   0x000001
BerkeleyAPI.o:gethostname     actrec   0x000c00       data   0x000005
      SHT10.o:s_read_byte     actrec   0x000c00       data   0x000002
MainDemo.o:initE2promData     actrec   0x000c00       data   0x000002
CustomHTTPApp.o:HTTPPrint_config_mac     actrec   0x000c00       data   0x000001
 MainDemo.o:InitAppConfig     actrec   0x000c00       data   0x000003
CustomHTTPApp.o:HTTPPrint_showV     actrec   0x000c00       data   0x000004
       ICMP.o:ICMPProcess     actrec   0x000c00       data   0x000004
CustomHTTPApp.o:HTTPPrint_MH     actrec   0x000c00       data   0x00000b
         IP.o:IPGetHeader     actrec   0x000c00       data   0x000016
    Hashes.o:MD5HashBlock     actrec   0x000c00       data   0x00001a
CustomHTTPApp.o:HTTPPrint_HR     actrec   0x000c00       data   0x00000b
CustomHTTPApp.o:HTTPPrint_ShareOff     actrec   0x000c00       data   0x000006
    LCDBlocking.o:LCDInit     actrec   0x000c00       data   0x000005
   LCDBlocking.o:LCDErase     actrec   0x000c00       data   0x000002
CustomHTTPApp.o:HTTPPrint_ShareOut     actrec   0x000c00       data   0x000004
Helpers.o:GenerateRandomDWORD     actrec   0x000c00       data   0x000014
  LCDBlocking.o:LCDshowAV     actrec   0x000c00       data   0x000007
          NBNS.o:NBNSTask     actrec   0x000c00       data   0x000021
Helpers.o:StringToIPAddress     actrec   0x000c00       data   0x000007
Helpers.o:ROMStringToIPAddress     actrec   0x000c00       data   0x000007
   Helpers.o:Base64Decode     actrec   0x000c00       data   0x000005
CustomHTTPApp.o:HTTPPrint_DA     actrec   0x000c00       data   0x00000b
     MPFS2.o:MPFSPutArray     actrec   0x000c00       data   0x000002
       MPFS2.o:MPFSFormat     actrec   0x000c00       data   0x000001
 Helpers.o:stricmppgm2ram     actrec   0x000c00       data   0x000002
         MPFS2.o:MPFSInit     actrec   0x000c00       data   0x000001
         MPFS2.o:MPFSOpen     actrec   0x000c00       data   0x000018
CustomHTTPApp.o:HTTPPrint_HI     actrec   0x000c00       data   0x000003
     HTTP2.o:HTTPLoadConn     actrec   0x000c00       data   0x000002
RS485Manage.o:PowerVtoDis     actrec   0x000c00       data   0x000003
     HTTP2.o:HTTPSendFile     actrec   0x000c00       data   0x000045
            TCP.o:TCPInit     actrec   0x000c00       data   0x00000b
    HTTP2.o:HTTPURLDecode     actrec   0x000c00       data   0x000009
CustomHTTPApp.o:HTTPPrint_TP     actrec   0x000c00       data   0x000003
CustomHTTPApp.o:HTTPPrint_YR     actrec   0x000c00       data   0x00000b
 RS485Manage.o:PowerToLCD     actrec   0x000c00       data   0x00000a
         HTTP2.o:HTTPInit     actrec   0x000c00       data   0x000002
RS485Manage.o:RS485_SetMAC     actrec   0x000c00       data   0x000012
      HTTP2.o:HTTPIncFile     actrec   0x000c00       data   0x000045
    ETH97J60.o:ReadPHYReg     actrec   0x000c00       data   0x000002
   ETH97J60.o:WritePHYReg     actrec   0x000c00       data   0x000001
BerkeleyClient.o:BerkeleyCommunication     actrec   0x000c00       data   0x000055
CustomHTTPApp.o:HTTPPrint_SD     actrec   0x000c00       data   0x00000b
CustomHTTPApp.o:HTTPPrint_ShareOn     actrec   0x000c00       data   0x000006
RS485Manage.o:RS485_SetDS1302     actrec   0x000c00       data   0x000003
RS485Manage.o:RS485_SendRequest     actrec   0x000c00       data   0x000004
      RS485Manage.o:ApSum     actrec   0x000c00       data   0x000006
CustomHTTPApp.o:HTTPPrint_ME     actrec   0x000c00       data   0x00000b
       ETH97J60.o:MACInit     actrec   0x000c01       data   0x000001
    Announce.o:AnnounceIP     actrec   0x000c02       data   0x000002
     DS1302.o:WriteDS1302     actrec   0x000c04       data   0x000001
      MyApp.o:DisplayTime     actrec   0x000c04       data   0x000001
             TCP.o:TCPPut     actrec   0x000c05       data   0x000002
       LCDBlocking.o:HtoD     actrec   0x000c07       data   0x000002
  LCDBlocking.o:LCDUpdate     actrec   0x000c07       data   0x000004
   RS485Manage.o:PowerSum     actrec   0x000c0a       data   0x000005
          Helpers.o:uitoa     actrec   0x000c0b       data   0x000006
    CustomHTTPApp.o:HtoDX     actrec   0x000c0b       data   0x000002
     TCP.o:TCPPutROMArray     actrec   0x000c12       data   0x000006
RS485Manage.o:RS485_Function     actrec   0x000c12       data   0x000007
RelayStartUpDelay.o:RelayOnOffCount     actrec   0x000c16       data   0x000001
ETH97J60.o:MACCalcRxChecksum     actrec   0x000c16       data   0x000004
  MPFS2.o:MPFSGetFilename     actrec   0x000c16       data   0x000004
CustomHTTPApp.o:HTTPPrint_uploadedmd5     actrec   0x000c18       data   0x000001
CustomHTTPApp.o:HTTPPrint_cookiename     actrec   0x000c18       data   0x000002
CustomHTTPApp.o:HTTPPrint_hellomsg     actrec   0x000c18       data   0x000002
CustomHTTPApp.o:HTTPPrint_lcdtext     actrec   0x000c18       data   0x000002
 UDP.o:FindMatchingSocket     actrec   0x000c19       data   0x000004
Helpers.o:FormatNetBIOSName     actrec   0x000c19       data   0x000001
    Hashes.o:MD5Calculate     actrec   0x000c1a       data   0x000015
   Hashes.o:MD5AddROMData     actrec   0x000c1a       data   0x000002
      Hashes.o:MD5AddData     actrec   0x000c1a       data   0x000002
 MainDemo.o:SaveAppConfig     actrec   0x000c1e       data   0x000003
       NBNS.o:NBNSPutName     actrec   0x000c21       data   0x000002
       NBNS.o:NBNSGetName     actrec   0x000c21       data   0x000003
       TCP.o:HandleTCPSeg     actrec   0x000c25       data   0x00001a
 TCP.o:FindMatchingSocket     actrec   0x000c25       data   0x000006
  ETH97J60.o:MACDiscardRx     actrec   0x000c25       data   0x000002
Helpers.o:leftRotateDWORD     actrec   0x000c2f       data   0x000002
CustomHTTPApp.o:HTTPPostConfig     actrec   0x000c30       data   0x000009
CustomHTTPApp.o:HTTPExecutePost     actrec   0x000c30       data   0x00002b
CustomHTTPApp.o:HTTPPostMD5     actrec   0x000c31       data   0x000004
HTTP2.o:HTTPHeaderParseAuthorization     actrec   0x000c31       data   0x00002c
HTTP2.o:HTTPHeaderParseCookie     actrec   0x000c31       data   0x000004
HTTP2.o:HTTPHeaderParseContentLength     actrec   0x000c31       data   0x00000c
   HTTP2.o:HTTPMPFSUpload     actrec   0x000c31       data   0x000014
       HTTP2.o:HTTPReadTo     actrec   0x000c39       data   0x000003
HTTP2.o:HTTPReadPostValue     actrec   0x000c3c       data   0x000001
 HTTP2.o:HTTPReadPostName     actrec   0x000c3c       data   0x000001
     StackTsk.o:StackTask     actrec   0x000c3f       data   0x000008
      MPFS2.o:MPFSOpenROM     actrec   0x000c45       data   0x000019
       MPFS2.o:MPFSOpenID     actrec   0x000c45       data   0x000001
         MPFS2.o:MPFSSeek     actrec   0x000c45       data   0x000004
ETH97J60.o:MACSetReadPtrInRx     actrec   0x000c55       data   0x000002
      TCP.o:TCPIsPutReady     actrec   0x000c55       data   0x000001
         ARP.o:ARPResolve     actrec   0x000c55       data   0x00001c
            TCP.o:SendTCP     actrec   0x000c55       data   0x00002a
     BerkeleyAPI.o:socket     actrec   0x000c55       data   0x000003
            UDP.o:UDPOpen     actrec   0x000c55       data   0x000003
       BerkeleyAPI.o:bind     actrec   0x000c55       data   0x000006
        UDP.o:UDPPutArray     actrec   0x000c55       data   0x000002
        UDP.o:UDPGetArray     actrec   0x000c55       data   0x000002
           UDP.o:UDPFlush     actrec   0x000c55       data   0x00001c
      SPIEEPROM.o:DoWrite     actrec   0x000c5b       data   0x000003
     Tick.o:TickGetDiv256     actrec   0x000c5d       data   0x000004
 SPIEEPROM.o:XEEReadArray     actrec   0x000c5e       data   0x000002
    SPIEEPROM.o:XEEIsBusy     actrec   0x000c5e       data   0x000002
        TCP.o:TCPGetArray     actrec   0x000c61       data   0x000004
       BerkeleyAPI.o:recv     actrec   0x000c71       data   0x00000c
ETH97J60.o:MACSetWritePtr     actrec   0x000c7f       data   0x000002
      ETH97J60.o:MACFlush     actrec   0x000c7f       data   0x000001
 ETH97J60.o:MACSetReadPtr     actrec   0x000c7f       data   0x000002
         IP.o:IPPutHeader     actrec   0x000c7f       data   0x000014
ETH97J60.o:MACMemCopyAsync     actrec   0x000c7f       data   0x000006
ETH97J60.o:CalcIPBufferChecksum     actrec   0x000c7f       data   0x00001e
ETH97J60.o:MACGetFreeRxSize     actrec   0x000c7f       data   0x000004
   BerkeleyAPI.o:recvfrom     actrec   0x000c85       data   0x000006
 Helpers.o:CalcIPChecksum     actrec   0x000c93       data   0x000008
          Helpers.o:swaps     actrec   0x000c93       data   0x000003
    BerkeleyAPI.o:connect     actrec   0x000c9d       data   0x00000a
      HTTP2.o:HTTPProcess     actrec   0x000c9d       data   0x000019
     BerkeleyAPI.o:sendto     actrec   0x000c9d       data   0x000010
BerkeleyAPI.o:closesocket     actrec   0x000c9d       data   0x000002
            TCP.o:TCPOpen     actrec   0x000ca7       data   0x000001
       BerkeleyAPI.o:send     actrec   0x000cad       data   0x00000e
          MainDemo.o:main     actrec   0x000cb6       data   0x000003
       HTTP2.o:HTTPServer     actrec   0x000cb9       data   0x000001
        TCP.o:TCPPutArray     actrec   0x000cbb       data   0x000006
RS485Manage.o:RS485_RC_ISR     actrec   0x000cc1       data   0x000003
   ETH97J60.o:MACGetArray     actrec   0x000cc4       data   0x000003
                   .stack      udata   0x000d00       data   0x000100
           .idata_HTTP2.o      idata   0x000e00       data   0x000078
     .idata_RS485Manage.o      idata   0x000e78       data   0x000007
           .udata_RS485.o      udata   0x000e7f       data   0x000001
              SFR_BANKED0      udata   0x000e80       data   0x000006
              SFR_BANKED1      udata   0x000e8a       data   0x000001
              SFR_BANKED2      udata   0x000e97       data   0x000003
              SFR_BANKED3      udata   0x000ea0       data   0x000001
              SFR_BANKED4      udata   0x000ea2       data   0x000003
              SFR_BANKED5      udata   0x000ea6       data   0x000002
              SFR_BANKED6      udata   0x000eaa       data   0x000002
              SFR_BANKED7      udata   0x000eb2       data   0x000001
              SFR_BANKED8      udata   0x000eb4       data   0x000001
              SFR_BANKED9      udata   0x000eb6       data   0x000004
             SFR_BANKED10      udata   0x000ec0       data   0x000012
             SFR_BANKED11      udata   0x000ed4       data   0x000002
             SFR_BANKED12      udata   0x000ed8       data   0x000002
             SFR_BANKED13      udata   0x000ee2       data   0x000016
             SFR_BANKED14      udata   0x000efb       data   0x000001
             SFR_BANKED15      udata   0x000efd       data   0x000002
                 TCB_uRAM      udata   0x000f00       data   0x000054
        .udata_StackTsk.o      udata   0x000f54       data   0x00000b
        .udata_Announce.o      udata   0x000f5f       data   0x000001
            SFR_UNBANKED0      udata   0x000f60       data   0x0000a0



                              Program Memory Usage 
                               Start         End      
                           ---------   ---------      
                            0x000000    0x016cb1      
                            0x01fff8    0x01fff8      
                            0x01fffa    0x01fffa      
                            0x01fffd    0x01fffd      
            93365 out of 131072 program addresses used, program memory utilization is 71%



                              Symbols - Sorted by Name
                     Name    Address   Location    Storage File                     
                ---------  ---------  ---------  --------- ---------                
                  ARPInit   0x014bfe    program     extern C:\20110804_pro\ChannelsOf12And06\Microchip\TCPIP Stack\ARP.c
            ARPIsResolved   0x014dea    program     extern C:\20110804_pro\ChannelsOf12And06\Microchip\TCPIP Stack\ARP.c
               ARPProcess   0x014c16    program     extern C:\20110804_pro\ChannelsOf12And06\Microchip\TCPIP Stack\ARP.c
                   ARPPut   0x014aee    program     static C:\20110804_pro\ChannelsOf12And06\Microchip\TCPIP Stack\ARP.c
               ARPResolve   0x014d62    program     extern C:\20110804_pro\ChannelsOf12And06\Microchip\TCPIP Stack\ARP.c
               AnnounceIP   0x015c02    program     extern C:\20110804_pro\ChannelsOf12And06\Microchip\TCPIP Stack\Announce.c
                    ApSum   0x011f46    program     extern C:\20110804_pro\ChannelsOf12And06\TCPIP Demo App\RS485Manage.c
                  BCD2Hex   0x015268    program     extern C:\20110804_pro\ChannelsOf12And06\TCPIP Demo App\DS1302.c
             Base64Decode   0x00e300    program     extern C:\20110804_pro\ChannelsOf12And06\Microchip\TCPIP Stack\Helpers.c
    BerkeleyCommunication   0x00d036    program     extern C:\20110804_pro\ChannelsOf12And06\TCPIP Demo App\BerkeleyClient.c
       BerkeleySocketInit   0x00bc34    program     extern C:\20110804_pro\ChannelsOf12And06\Microchip\TCPIP Stack\BerkeleyAPI.c
     CalcIPBufferChecksum   0x011782    program     extern C:\20110804_pro\ChannelsOf12And06\Microchip\TCPIP Stack\ETH97J60.c
           CalcIPChecksum   0x00e6dc    program     extern C:\20110804_pro\ChannelsOf12And06\Microchip\TCPIP Stack\Helpers.c
                CalcSht10   0x013c12    program     extern C:\20110804_pro\ChannelsOf12And06\TCPIP Demo App\SHT10.c
              CloseSocket   0x002d6e    program     static C:\20110804_pro\ChannelsOf12And06\Microchip\TCPIP Stack\TCP.c
             ConnectToLCD   0x00dcfc    program     extern C:\20110804_pro\ChannelsOf12And06\TCPIP Demo App\BerkeleyClient.c
                    D10_1   0x016b9c    program     static C:\MCC18\SRC\TRADIT~1\DELAYS\d10tcyx.asm
                     D10x   0x016b94    program     static C:\MCC18\SRC\TRADIT~1\DELAYS\d10tcyx.asm
                    D1K_1   0x016b40    program     static C:\MCC18\SRC\TRADIT~1\DELAYS\d1ktcyx.asm
                     D1Kx   0x016b3e    program     static C:\MCC18\SRC\TRADIT~1\DELAYS\d1ktcyx.asm
              DHCPDisable   0x00fe38    program     extern C:\20110804_pro\ChannelsOf12And06\Microchip\TCPIP Stack\DHCP.c
               DHCPEnable   0x00fe54    program     extern C:\20110804_pro\ChannelsOf12And06\Microchip\TCPIP Stack\DHCP.c
                DHCPReset   0x00fe1a    program     extern C:\20110804_pro\ChannelsOf12And06\Microchip\TCPIP Stack\DHCP.c
                 DHCPTask   0x00fe6a    program     extern C:\20110804_pro\ChannelsOf12And06\Microchip\TCPIP Stack\DHCP.c
              DS1302_Init   0x015018    program     extern C:\20110804_pro\ChannelsOf12And06\TCPIP Demo App\DS1302.c
              Delay10TCYx   0x016b8c    program     extern C:\MCC18\SRC\TRADIT~1\DELAYS\d10tcyx.asm
              Delay1KTCYx   0x016b34    program     extern C:\MCC18\SRC\TRADIT~1\DELAYS\d1ktcyx.asm
            DiscoveryTask   0x015ce6    program     extern C:\20110804_pro\ChannelsOf12And06\Microchip\TCPIP Stack\Announce.c
           DisplayIPValue   0x01290a    program     extern C:\20110804_pro\ChannelsOf12And06\TCPIP Demo App\MainDemo.c
              DisplayTPHI   0x01551a    program     extern C:\20110804_pro\ChannelsOf12And06\TCPIP Demo App\SHT10Manage.c
              DisplayTime   0x016870    program     extern C:\20110804_pro\ChannelsOf12And06\TCPIP Demo App\MyApp.c
                  DoWrite   0x015fc6    program     static C:\20110804_pro\ChannelsOf12And06\Microchip\TCPIP Stack\SPIEEPROM.c
                 FLO1632S   0x0140ea    program     extern C:\MCC18\SRC\TRADIT~1\MATH\cast16FP.asm
                 FLO1632U   0x0140e6    program     extern C:\MCC18\SRC\TRADIT~1\MATH\cast16FP.asm
                    FPA32   0x014112    program     extern C:\MCC18\SRC\TRADIT~1\MATH\addFP.asm
                    FPM32   0x01423e    program     extern C:\MCC18\SRC\TRADIT~1\MATH\mulFP.asm
                    FPS32   0x014110    program     extern C:\MCC18\SRC\TRADIT~1\MATH\addFP.asm
                 FXD0808U   0x016b70    program     extern C:\MCC18\src\TRADIT~1\math\fxd0808u.c
                 FXD1616U   0x016b08    program     extern C:\MCC18\src\TRADIT~1\math\fxd1616u.c
                 FXD3232U   0x016ac0    program     extern C:\MCC18\src\TRADIT~1\math\fxd3232u.c
                 FXM1616S   0x014318    program     extern C:\MCC18\SRC\TRADIT~1\MATH\fxm1616s.asm
                 FXM1616U   0x014372    program     extern C:\MCC18\SRC\TRADIT~1\MATH\fxm1616u.asm
                 FXM2424U   0x0143ae    program     extern C:\MCC18\SRC\TRADIT~1\MATH\fxm2424u.asm
       FindMatchingSocket   0x002664    program     static C:\20110804_pro\ChannelsOf12And06\Microchip\TCPIP Stack\TCP.c
       FindMatchingSocket   0x0110e8    program     static C:\20110804_pro\ChannelsOf12And06\Microchip\TCPIP Stack\UDP.c
        FormatNetBIOSName   0x00e81c    program     extern C:\20110804_pro\ChannelsOf12And06\Microchip\TCPIP Stack\Helpers.c
      GenerateRandomDWORD   0x00dd52    program     extern C:\20110804_pro\ChannelsOf12And06\Microchip\TCPIP Stack\Helpers.c
                  GetTPHI   0x013fa8    program     extern C:\20110804_pro\ChannelsOf12And06\TCPIP Demo App\SHT10.c
              GetTickCopy   0x0166c6    program     static C:\20110804_pro\ChannelsOf12And06\Microchip\TCPIP Stack\Tick.c
            HTTPCheckAuth   0x00412a    program     extern C:\20110804_pro\ChannelsOf12And06\TCPIP Demo App\CustomHTTPApp.c
           HTTPExecuteGet   0x004276    program     extern C:\20110804_pro\ChannelsOf12And06\TCPIP Demo App\CustomHTTPApp.c
          HTTPExecutePost   0x004cd2    program     extern C:\20110804_pro\ChannelsOf12And06\TCPIP Demo App\CustomHTTPApp.c
  HTTPExecutePostIpManage   0x0049f6    program     extern C:\20110804_pro\ChannelsOf12And06\TCPIP Demo App\CustomHTTPApp.c
               HTTPGetArg   0x009a80    program     extern C:\20110804_pro\ChannelsOf12And06\Microchip\TCPIP Stack\HTTP2.c
            HTTPGetROMArg   0x009b3a    program     extern C:\20110804_pro\ChannelsOf12And06\Microchip\TCPIP Stack\HTTP2.c
HTTPHeaderParseAuthorization   0x0094ec    program     static C:\20110804_pro\ChannelsOf12And06\Microchip\TCPIP Stack\HTTP2.c
HTTPHeaderParseContentLength   0x0098a6    program     static C:\20110804_pro\ChannelsOf12And06\Microchip\TCPIP Stack\HTTP2.c
    HTTPHeaderParseCookie   0x009676    program     static C:\20110804_pro\ChannelsOf12And06\Microchip\TCPIP Stack\HTTP2.c
    HTTPHeaderParseLookup   0x0094ce    program     static C:\20110804_pro\ChannelsOf12And06\Microchip\TCPIP Stack\HTTP2.c
              HTTPIncFile   0x00a418    program     extern C:\20110804_pro\ChannelsOf12And06\Microchip\TCPIP Stack\HTTP2.c
                 HTTPInit   0x00788c    program     extern C:\20110804_pro\ChannelsOf12And06\Microchip\TCPIP Stack\HTTP2.c
             HTTPLoadConn   0x007a64    program     static C:\20110804_pro\ChannelsOf12And06\Microchip\TCPIP Stack\HTTP2.c
           HTTPMPFSUpload   0x00a016    program     static C:\20110804_pro\ChannelsOf12And06\Microchip\TCPIP Stack\HTTP2.c
            HTTPNeedsAuth   0x0040f6    program     extern C:\20110804_pro\ChannelsOf12And06\TCPIP Demo App\CustomHTTPApp.c
           HTTPPostConfig   0x0051d6    program     static C:\20110804_pro\ChannelsOf12And06\TCPIP Demo App\CustomHTTPApp.c
              HTTPPostMD5   0x005968    program     static C:\20110804_pro\ChannelsOf12And06\TCPIP Demo App\CustomHTTPApp.c
                HTTPPrint   0x0074f8    program     extern C:\20110804_pro\ChannelsOf12And06\TCPIP Demo App\HTTPPrint.h
              HTTPPrintIP   0x0070ec    program     extern C:\20110804_pro\ChannelsOf12And06\TCPIP Demo App\CustomHTTPApp.c
               HTTPPrint_   0x007862    program     extern C:\20110804_pro\ChannelsOf12And06\TCPIP Demo App\HTTPPrint.h
 HTTPPrint_Control_status   0x006b22    program     extern C:\20110804_pro\ChannelsOf12And06\TCPIP Demo App\CustomHTTPApp.c
             HTTPPrint_DA   0x006272    program     extern C:\20110804_pro\ChannelsOf12And06\TCPIP Demo App\CustomHTTPApp.c
          HTTPPrint_ERROR   0x00656c    program     extern C:\20110804_pro\ChannelsOf12And06\TCPIP Demo App\CustomHTTPApp.c
        HTTPPrint_ERRORNO   0x006b78    program     extern C:\20110804_pro\ChannelsOf12And06\TCPIP Demo App\CustomHTTPApp.c
             HTTPPrint_HI   0x0060f4    program     extern C:\20110804_pro\ChannelsOf12And06\TCPIP Demo App\CustomHTTPApp.c
             HTTPPrint_HR   0x006308    program     extern C:\20110804_pro\ChannelsOf12And06\TCPIP Demo App\CustomHTTPApp.c
             HTTPPrint_ME   0x00639e    program     extern C:\20110804_pro\ChannelsOf12And06\TCPIP Demo App\CustomHTTPApp.c
             HTTPPrint_MH   0x0061dc    program     extern C:\20110804_pro\ChannelsOf12And06\TCPIP Demo App\CustomHTTPApp.c
      HTTPPrint_PDU_Model   0x006ac8    program     extern C:\20110804_pro\ChannelsOf12And06\TCPIP Demo App\CustomHTTPApp.c
  HTTPPrint_REPLAY_ON_OFF   0x006a66    program     extern C:\20110804_pro\ChannelsOf12And06\TCPIP Demo App\CustomHTTPApp.c
             HTTPPrint_SD   0x006434    program     extern C:\20110804_pro\ChannelsOf12And06\TCPIP Demo App\CustomHTTPApp.c
         HTTPPrint_STATUE   0x0064ca    program     extern C:\20110804_pro\ChannelsOf12And06\TCPIP Demo App\CustomHTTPApp.c
       HTTPPrint_ShareOff   0x00663a    program     extern C:\20110804_pro\ChannelsOf12And06\TCPIP Demo App\CustomHTTPApp.c
        HTTPPrint_ShareOn   0x00659e    program     extern C:\20110804_pro\ChannelsOf12And06\TCPIP Demo App\CustomHTTPApp.c
       HTTPPrint_ShareOut   0x0066d6    program     extern C:\20110804_pro\ChannelsOf12And06\TCPIP Demo App\CustomHTTPApp.c
             HTTPPrint_TP   0x0060a2    program     extern C:\20110804_pro\ChannelsOf12And06\TCPIP Demo App\CustomHTTPApp.c
             HTTPPrint_YR   0x006146    program     extern C:\20110804_pro\ChannelsOf12And06\TCPIP Demo App\CustomHTTPApp.c
      HTTPPrint_builddate   0x005cce    program     extern C:\20110804_pro\ChannelsOf12And06\TCPIP Demo App\CustomHTTPApp.c
HTTPPrint_config_dhcpchecked   0x0071a4    program     extern C:\20110804_pro\ChannelsOf12And06\TCPIP Demo App\CustomHTTPApp.c
    HTTPPrint_config_dns1   0x00721e    program     extern C:\20110804_pro\ChannelsOf12And06\TCPIP Demo App\CustomHTTPApp.c
    HTTPPrint_config_dns2   0x007234    program     extern C:\20110804_pro\ChannelsOf12And06\TCPIP Demo App\CustomHTTPApp.c
      HTTPPrint_config_gw   0x0071f2    program     extern C:\20110804_pro\ChannelsOf12And06\TCPIP Demo App\CustomHTTPApp.c
HTTPPrint_config_hostname   0x007176    program     extern C:\20110804_pro\ChannelsOf12And06\TCPIP Demo App\CustomHTTPApp.c
      HTTPPrint_config_ip   0x0071dc    program     extern C:\20110804_pro\ChannelsOf12And06\TCPIP Demo App\CustomHTTPApp.c
     HTTPPrint_config_mac   0x00724a    program     extern C:\20110804_pro\ChannelsOf12And06\TCPIP Demo App\CustomHTTPApp.c
  HTTPPrint_config_subnet   0x007208    program     extern C:\20110804_pro\ChannelsOf12And06\TCPIP Demo App\CustomHTTPApp.c
     HTTPPrint_cookiename   0x006ef4    program     extern C:\20110804_pro\ChannelsOf12And06\TCPIP Demo App\CustomHTTPApp.c
      HTTPPrint_ddns_host   0x007378    program     extern C:\20110804_pro\ChannelsOf12And06\TCPIP Demo App\CustomHTTPApp.c
      HTTPPrint_ddns_pass   0x007376    program     extern C:\20110804_pro\ChannelsOf12And06\TCPIP Demo App\CustomHTTPApp.c
   HTTPPrint_ddns_service   0x00737a    program     extern C:\20110804_pro\ChannelsOf12And06\TCPIP Demo App\CustomHTTPApp.c
    HTTPPrint_ddns_status   0x00737c    program     extern C:\20110804_pro\ChannelsOf12And06\TCPIP Demo App\CustomHTTPApp.c
HTTPPrint_ddns_status_msg   0x0073aa    program     extern C:\20110804_pro\ChannelsOf12And06\TCPIP Demo App\CustomHTTPApp.c
      HTTPPrint_ddns_user   0x007374    program     extern C:\20110804_pro\ChannelsOf12And06\TCPIP Demo App\CustomHTTPApp.c
       HTTPPrint_hellomsg   0x006e6e    program     extern C:\20110804_pro\ChannelsOf12And06\TCPIP Demo App\CustomHTTPApp.c
        HTTPPrint_lcdtext   0x006ca0    program     extern C:\20110804_pro\ChannelsOf12And06\TCPIP Demo App\CustomHTTPApp.c
            HTTPPrint_led   0x005db0    program     extern C:\20110804_pro\ChannelsOf12And06\TCPIP Demo App\CustomHTTPApp.c
    HTTPPrint_ledSelected   0x005f10    program     extern C:\20110804_pro\ChannelsOf12And06\TCPIP Demo App\CustomHTTPApp.c
            HTTPPrint_pot   0x006c52    program     extern C:\20110804_pro\ChannelsOf12And06\TCPIP Demo App\CustomHTTPApp.c
         HTTPPrint_reboot   0x007346    program     extern C:\20110804_pro\ChannelsOf12And06\TCPIP Demo App\CustomHTTPApp.c
     HTTPPrint_rebootaddr   0x00734a    program     extern C:\20110804_pro\ChannelsOf12And06\TCPIP Demo App\CustomHTTPApp.c
          HTTPPrint_reset   0x006074    program     extern C:\20110804_pro\ChannelsOf12And06\TCPIP Demo App\CustomHTTPApp.c
          HTTPPrint_showA   0x0067b4    program     extern C:\20110804_pro\ChannelsOf12And06\TCPIP Demo App\CustomHTTPApp.c
         HTTPPrint_showA1   0x006a5e    program     extern C:\20110804_pro\ChannelsOf12And06\TCPIP Demo App\CustomHTTPApp.c
        HTTPPrint_showA10   0x006a04    program     extern C:\20110804_pro\ChannelsOf12And06\TCPIP Demo App\CustomHTTPApp.c
        HTTPPrint_showA11   0x0069fa    program     extern C:\20110804_pro\ChannelsOf12And06\TCPIP Demo App\CustomHTTPApp.c
        HTTPPrint_showA12   0x0069f0    program     extern C:\20110804_pro\ChannelsOf12And06\TCPIP Demo App\CustomHTTPApp.c
         HTTPPrint_showA2   0x006a54    program     extern C:\20110804_pro\ChannelsOf12And06\TCPIP Demo App\CustomHTTPApp.c
         HTTPPrint_showA3   0x006a4a    program     extern C:\20110804_pro\ChannelsOf12And06\TCPIP Demo App\CustomHTTPApp.c
         HTTPPrint_showA4   0x006a40    program     extern C:\20110804_pro\ChannelsOf12And06\TCPIP Demo App\CustomHTTPApp.c
         HTTPPrint_showA5   0x006a36    program     extern C:\20110804_pro\ChannelsOf12And06\TCPIP Demo App\CustomHTTPApp.c
         HTTPPrint_showA6   0x006a2c    program     extern C:\20110804_pro\ChannelsOf12And06\TCPIP Demo App\CustomHTTPApp.c
         HTTPPrint_showA7   0x006a22    program     extern C:\20110804_pro\ChannelsOf12And06\TCPIP Demo App\CustomHTTPApp.c
         HTTPPrint_showA8   0x006a18    program     extern C:\20110804_pro\ChannelsOf12And06\TCPIP Demo App\CustomHTTPApp.c
         HTTPPrint_showA9   0x006a0e    program     extern C:\20110804_pro\ChannelsOf12And06\TCPIP Demo App\CustomHTTPApp.c
          HTTPPrint_showV   0x00675e    program     extern C:\20110804_pro\ChannelsOf12And06\TCPIP Demo App\CustomHTTPApp.c
    HTTPPrint_status_fail   0x00748e    program     extern C:\20110804_pro\ChannelsOf12And06\TCPIP Demo App\CustomHTTPApp.c
      HTTPPrint_status_ok   0x007424    program     extern C:\20110804_pro\ChannelsOf12And06\TCPIP Demo App\CustomHTTPApp.c
    HTTPPrint_uploadedmd5   0x006f7c    program     extern C:\20110804_pro\ChannelsOf12And06\TCPIP Demo App\CustomHTTPApp.c
        HTTPPrint_version   0x005d82    program     extern C:\20110804_pro\ChannelsOf12And06\TCPIP Demo App\CustomHTTPApp.c
          HTTPPrintshowAx   0x006842    program     extern C:\20110804_pro\ChannelsOf12And06\TCPIP Demo App\CustomHTTPApp.c
              HTTPProcess   0x007b22    program     static C:\20110804_pro\ChannelsOf12And06\Microchip\TCPIP Stack\HTTP2.c
         HTTPReadPostName   0x009c30    program     extern C:\20110804_pro\ChannelsOf12And06\Microchip\TCPIP Stack\HTTP2.c
        HTTPReadPostValue   0x009c72    program     extern C:\20110804_pro\ChannelsOf12And06\Microchip\TCPIP Stack\HTTP2.c
               HTTPReadTo   0x009d1c    program     static C:\20110804_pro\ChannelsOf12And06\Microchip\TCPIP Stack\HTTP2.c
             HTTPSendFile   0x0092bc    program     static C:\20110804_pro\ChannelsOf12And06\Microchip\TCPIP Stack\HTTP2.c
               HTTPServer   0x00794c    program     extern C:\20110804_pro\ChannelsOf12And06\Microchip\TCPIP Stack\HTTP2.c
            HTTPURLDecode   0x009962    program     extern C:\20110804_pro\ChannelsOf12And06\Microchip\TCPIP Stack\HTTP2.c
                HTTP_CRLF   0x000014    program     static C:\20110804_pro\ChannelsOf12And06\Microchip\TCPIP Stack\HTTP2.c
             HandleTCPSeg   0x002df8    program     static C:\20110804_pro\ChannelsOf12And06\Microchip\TCPIP Stack\TCP.c
              HashAddData   0x00e880    program     extern C:\20110804_pro\ChannelsOf12And06\Microchip\TCPIP Stack\Hashes.c
           HashAddROMData   0x00e8ac    program     extern C:\20110804_pro\ChannelsOf12And06\Microchip\TCPIP Stack\Hashes.c
                  Hex2BCD   0x0151f2    program     extern C:\20110804_pro\ChannelsOf12And06\TCPIP Demo App\DS1302.c
                  HighISR   0x012514    program     extern C:\20110804_pro\ChannelsOf12And06\TCPIP Demo App\MainDemo.c
               HighVector   0x000008    program     extern C:\20110804_pro\ChannelsOf12And06\TCPIP Demo App\MainDemo.c
                     HtoD   0x012ee4    program     extern C:\20110804_pro\ChannelsOf12And06\Microchip\TCPIP Stack\LCDBlocking.c
                    HtoDX   0x00680e    program     extern C:\20110804_pro\ChannelsOf12And06\TCPIP Demo App\CustomHTTPApp.c
              ICMPProcess   0x016790    program     extern C:\20110804_pro\ChannelsOf12And06\Microchip\TCPIP Stack\ICMP.c
                  INT3216   0x014440    program     extern C:\MCC18\SRC\TRADIT~1\MATH\castFP16.asm
              IPGetHeader   0x015964    program     extern C:\20110804_pro\ChannelsOf12And06\Microchip\TCPIP Stack\IP.c
              IPPutHeader   0x015a58    program     extern C:\20110804_pro\ChannelsOf12And06\Microchip\TCPIP Stack\IP.c
            IPSetRxBuffer   0x015b40    program     extern C:\20110804_pro\ChannelsOf12And06\Microchip\TCPIP Stack\IP.c
            InitAppConfig   0x012a36    program     static C:\20110804_pro\ChannelsOf12And06\TCPIP Demo App\MainDemo.c
          InitializeBoard   0x0129dc    program     static C:\20110804_pro\ChannelsOf12And06\TCPIP Demo App\MainDemo.c
                 LCDErase   0x012e90    program     extern C:\20110804_pro\ChannelsOf12And06\Microchip\TCPIP Stack\LCDBlocking.c
                  LCDInit   0x012c78    program     extern C:\20110804_pro\ChannelsOf12And06\Microchip\TCPIP Stack\LCDBlocking.c
                LCDUpdate   0x012d82    program     extern C:\20110804_pro\ChannelsOf12And06\Microchip\TCPIP Stack\LCDBlocking.c
                 LCDWrite   0x012c44    program     static C:\20110804_pro\ChannelsOf12And06\Microchip\TCPIP Stack\LCDBlocking.c
                LCDshowAV   0x012f18    program     extern C:\20110804_pro\ChannelsOf12And06\Microchip\TCPIP Stack\LCDBlocking.c
                   LowISR   0x01245a    program     extern C:\20110804_pro\ChannelsOf12And06\TCPIP Demo App\MainDemo.c
                LowVector   0x000018    program     extern C:\20110804_pro\ChannelsOf12And06\TCPIP Demo App\MainDemo.c
        MACCalcRxChecksum   0x011704    program     extern C:\20110804_pro\ChannelsOf12And06\Microchip\TCPIP Stack\ETH97J60.c
             MACDiscardRx   0x0113ec    program     extern C:\20110804_pro\ChannelsOf12And06\Microchip\TCPIP Stack\ETH97J60.c
                 MACFlush   0x011654    program     extern C:\20110804_pro\ChannelsOf12And06\Microchip\TCPIP Stack\ETH97J60.c
                   MACGet   0x011a48    program     extern C:\20110804_pro\ChannelsOf12And06\Microchip\TCPIP Stack\ETH97J60.c
              MACGetArray   0x011a4e    program     extern C:\20110804_pro\ChannelsOf12And06\Microchip\TCPIP Stack\ETH97J60.c
         MACGetFreeRxSize   0x011440    program     extern C:\20110804_pro\ChannelsOf12And06\Microchip\TCPIP Stack\ETH97J60.c
             MACGetHeader   0x0114e0    program     extern C:\20110804_pro\ChannelsOf12And06\Microchip\TCPIP Stack\ETH97J60.c
                  MACInit   0x0112ac    program     extern C:\20110804_pro\ChannelsOf12And06\Microchip\TCPIP Stack\ETH97J60.c
              MACIsLinked   0x011394    program     extern C:\20110804_pro\ChannelsOf12And06\Microchip\TCPIP Stack\ETH97J60.c
         MACIsMemCopyDone   0x011a3a    program     extern C:\20110804_pro\ChannelsOf12And06\Microchip\TCPIP Stack\ETH97J60.c
             MACIsTxReady   0x0113b2    program     extern C:\20110804_pro\ChannelsOf12And06\Microchip\TCPIP Stack\ETH97J60.c
          MACMemCopyAsync   0x01189a    program     extern C:\20110804_pro\ChannelsOf12And06\Microchip\TCPIP Stack\ETH97J60.c
             MACPowerDown   0x011b8c    program     extern C:\20110804_pro\ChannelsOf12And06\Microchip\TCPIP Stack\ETH97J60.c
               MACPowerUp   0x011b9e    program     extern C:\20110804_pro\ChannelsOf12And06\Microchip\TCPIP Stack\ETH97J60.c
                   MACPut   0x011ab4    program     extern C:\20110804_pro\ChannelsOf12And06\Microchip\TCPIP Stack\ETH97J60.c
              MACPutArray   0x011abe    program     extern C:\20110804_pro\ChannelsOf12And06\Microchip\TCPIP Stack\ETH97J60.c
             MACPutHeader   0x0115f6    program     extern C:\20110804_pro\ChannelsOf12And06\Microchip\TCPIP Stack\ETH97J60.c
           MACPutROMArray   0x011af0    program     extern C:\20110804_pro\ChannelsOf12And06\Microchip\TCPIP Stack\ETH97J60.c
            MACSetReadPtr   0x0116e8    program     extern C:\20110804_pro\ChannelsOf12And06\Microchip\TCPIP Stack\ETH97J60.c
        MACSetReadPtrInRx   0x01167a    program     extern C:\20110804_pro\ChannelsOf12And06\Microchip\TCPIP Stack\ETH97J60.c
           MACSetWritePtr   0x0116cc    program     extern C:\20110804_pro\ChannelsOf12And06\Microchip\TCPIP Stack\ETH97J60.c
               MD5AddData   0x00e980    program     extern C:\20110804_pro\ChannelsOf12And06\Microchip\TCPIP Stack\Hashes.c
            MD5AddROMData   0x00eaee    program     extern C:\20110804_pro\ChannelsOf12And06\Microchip\TCPIP Stack\Hashes.c
             MD5Calculate   0x00f010    program     extern C:\20110804_pro\ChannelsOf12And06\Microchip\TCPIP Stack\Hashes.c
             MD5HashBlock   0x00ec66    program     static C:\20110804_pro\ChannelsOf12And06\Microchip\TCPIP Stack\Hashes.c
            MD5Initialize   0x00e8dc    program     extern C:\20110804_pro\ChannelsOf12And06\Microchip\TCPIP Stack\Hashes.c
                MPFSClose   0x00abfc    program     extern C:\20110804_pro\ChannelsOf12And06\Microchip\TCPIP Stack\MPFS2.c
               MPFSFormat   0x00b35c    program     extern C:\20110804_pro\ChannelsOf12And06\Microchip\TCPIP Stack\MPFS2.c
                  MPFSGet   0x00ac3e    program     extern C:\20110804_pro\ChannelsOf12And06\Microchip\TCPIP Stack\MPFS2.c
             MPFSGetArray   0x00ae0e    program     extern C:\20110804_pro\ChannelsOf12And06\Microchip\TCPIP Stack\MPFS2.c
          MPFSGetBytesRem   0x00b848    program     extern C:\20110804_pro\ChannelsOf12And06\Microchip\TCPIP Stack\MPFS2.c
           MPFSGetEndAddr   0x00b982    program     extern C:\20110804_pro\ChannelsOf12And06\Microchip\TCPIP Stack\MPFS2.c
          MPFSGetFilename   0x00ba3e    program     extern C:\20110804_pro\ChannelsOf12And06\Microchip\TCPIP Stack\MPFS2.c
             MPFSGetFlags   0x00b724    program     extern C:\20110804_pro\ChannelsOf12And06\Microchip\TCPIP Stack\MPFS2.c
                MPFSGetID   0x00bb80    program     extern C:\20110804_pro\ChannelsOf12And06\Microchip\TCPIP Stack\MPFS2.c
              MPFSGetLong   0x00b002    program     extern C:\20110804_pro\ChannelsOf12And06\Microchip\TCPIP Stack\MPFS2.c
         MPFSGetMicrotime   0x00b68a    program     extern C:\20110804_pro\ChannelsOf12And06\Microchip\TCPIP Stack\MPFS2.c
          MPFSGetPosition   0x00bb00    program     extern C:\20110804_pro\ChannelsOf12And06\Microchip\TCPIP Stack\MPFS2.c
              MPFSGetSize   0x00b7ae    program     extern C:\20110804_pro\ChannelsOf12And06\Microchip\TCPIP Stack\MPFS2.c
         MPFSGetStartAddr   0x00b8e8    program     extern C:\20110804_pro\ChannelsOf12And06\Microchip\TCPIP Stack\MPFS2.c
         MPFSGetTimestamp   0x00b5f0    program     extern C:\20110804_pro\ChannelsOf12And06\Microchip\TCPIP Stack\MPFS2.c
                 MPFSInit   0x00a56a    program     extern C:\20110804_pro\ChannelsOf12And06\Microchip\TCPIP Stack\MPFS2.c
                 MPFSOpen   0x00a5c6    program     extern C:\20110804_pro\ChannelsOf12And06\Microchip\TCPIP Stack\MPFS2.c
               MPFSOpenID   0x00aaea    program     extern C:\20110804_pro\ChannelsOf12And06\Microchip\TCPIP Stack\MPFS2.c
              MPFSOpenROM   0x00a842    program     extern C:\20110804_pro\ChannelsOf12And06\Microchip\TCPIP Stack\MPFS2.c
             MPFSPutArray   0x00b41e    program     extern C:\20110804_pro\ChannelsOf12And06\Microchip\TCPIP Stack\MPFS2.c
               MPFSPutEnd   0x00b54e    program     extern C:\20110804_pro\ChannelsOf12And06\Microchip\TCPIP Stack\MPFS2.c
                 MPFSSeek   0x00b034    program     extern C:\20110804_pro\ChannelsOf12And06\Microchip\TCPIP Stack\MPFS2.c
              NBNSGetName   0x014a40    program     static C:\20110804_pro\ChannelsOf12And06\Microchip\TCPIP Stack\NBNS.c
              NBNSPutName   0x0149ea    program     static C:\20110804_pro\ChannelsOf12And06\Microchip\TCPIP Stack\NBNS.c
                 NBNSTask   0x014678    program     extern C:\20110804_pro\ChannelsOf12And06\Microchip\TCPIP Stack\NBNS.c
           PerDevice_Init   0x016864    program     extern C:\20110804_pro\ChannelsOf12And06\TCPIP Demo App\MyApp.c
                 PowerSum   0x012124    program     extern C:\20110804_pro\ChannelsOf12And06\TCPIP Demo App\RS485Manage.c
               PowerToLCD   0x012354    program     extern C:\20110804_pro\ChannelsOf12And06\TCPIP Demo App\RS485Manage.c
              PowerVtoDis   0x0121e6    program     extern C:\20110804_pro\ChannelsOf12And06\TCPIP Demo App\RS485Manage.c
                ProcessIO   0x0129c0    program     static C:\20110804_pro\ChannelsOf12And06\TCPIP Demo App\MainDemo.c
     ROMStringToIPAddress   0x00e148    program     extern C:\20110804_pro\ChannelsOf12And06\Microchip\TCPIP Stack\Helpers.c
          RS485_CheckSTCs   0x0169d2    program     extern C:\20110804_pro\ChannelsOf12And06\TCPIP Demo App\DeviceCheck.c
           RS485_Function   0x011bac    program     extern C:\20110804_pro\ChannelsOf12And06\TCPIP Demo App\RS485Manage.c
              RS485_Getch   0x016a9c    program     extern C:\20110804_pro\ChannelsOf12And06\TCPIP Demo App\RS485.c
               RS485_Init   0x016a62    program     extern C:\20110804_pro\ChannelsOf12And06\TCPIP Demo App\RS485.c
              RS485_Putch   0x016a8a    program     extern C:\20110804_pro\ChannelsOf12And06\TCPIP Demo App\RS485.c
             RS485_RC_ISR   0x011e74    program     extern C:\20110804_pro\ChannelsOf12And06\TCPIP Demo App\RS485Manage.c
                 RS485_RW   0x016aac    program     extern C:\20110804_pro\ChannelsOf12And06\TCPIP Demo App\RS485.c
        RS485_SendRequest   0x011ed2    program     extern C:\20110804_pro\ChannelsOf12And06\TCPIP Demo App\RS485Manage.c
          RS485_SetDS1302   0x011d9a    program     extern C:\20110804_pro\ChannelsOf12And06\TCPIP Demo App\RS485Manage.c
             RS485_SetMAC   0x011c58    program     extern C:\20110804_pro\ChannelsOf12And06\TCPIP Demo App\RS485Manage.c
               ReadDS1302   0x014fa4    program     extern C:\20110804_pro\ChannelsOf12And06\TCPIP Demo App\DS1302.c
               ReadPHYReg   0x011b2c    program     extern C:\20110804_pro\ChannelsOf12And06\Microchip\TCPIP Stack\ETH97J60.c
                  ReadRTC   0x0150c4    program     extern C:\20110804_pro\ChannelsOf12And06\TCPIP Demo App\DS1302.c
             RelayControl   0x013424    program     extern C:\20110804_pro\ChannelsOf12And06\TCPIP Demo App\RelayStartUpDelay.c
          RelayOnOffCount   0x013a70    program     extern C:\20110804_pro\ChannelsOf12And06\TCPIP Demo App\RelayStartUpDelay.c
            SaveAppConfig   0x012b78    program     extern C:\20110804_pro\ChannelsOf12And06\TCPIP Demo App\MainDemo.c
                  SendTCP   0x00200a    program     static C:\20110804_pro\ChannelsOf12And06\Microchip\TCPIP Stack\TCP.c
     SerializedMACAddress   0x00000e    program     static C:\20110804_pro\ChannelsOf12And06\TCPIP Demo App\MainDemo.c
        StackApplications   0x0162ca    program     extern C:\20110804_pro\ChannelsOf12And06\Microchip\TCPIP Stack\StackTsk.c
                StackInit   0x0160b0    program     extern C:\20110804_pro\ChannelsOf12And06\Microchip\TCPIP Stack\StackTsk.c
                StackTask   0x0160f8    program     extern C:\20110804_pro\ChannelsOf12And06\Microchip\TCPIP Stack\StackTsk.c
        StringToIPAddress   0x00df98    program     extern C:\20110804_pro\ChannelsOf12And06\Microchip\TCPIP Stack\Helpers.c
            SwapARPPacket   0x014e96    program     static C:\20110804_pro\ChannelsOf12And06\Microchip\TCPIP Stack\ARP.c
             SwapIPHeader   0x015b58    program     static C:\20110804_pro\ChannelsOf12And06\Microchip\TCPIP Stack\IP.c
            SwapTCPHeader   0x002bb8    program     static C:\20110804_pro\ChannelsOf12And06\Microchip\TCPIP Stack\TCP.c
                  SyncTCB   0x000192    program     static C:\20110804_pro\ChannelsOf12And06\Microchip\TCPIP Stack\TCP.c
              SyncTCBStub   0x000104    program     static C:\20110804_pro\ChannelsOf12And06\Microchip\TCPIP Stack\TCP.c
                  TAGTB32   0x01449e    program     extern C:\MCC18\SRC\TRADIT~1\MATH\gtFP.asm
                  TALTB32   0x0144b0    program     extern C:\MCC18\SRC\TRADIT~1\MATH\ltFP.asm
        TCPAdjustFIFOSize   0x003d02    program     extern C:\20110804_pro\ChannelsOf12And06\Microchip\TCPIP Stack\TCP.c
               TCPDiscard   0x000d02    program     extern C:\20110804_pro\ChannelsOf12And06\Microchip\TCPIP Stack\TCP.c
            TCPDisconnect   0x0006a6    program     extern C:\20110804_pro\ChannelsOf12And06\Microchip\TCPIP Stack\TCP.c
           TCPFindArrayEx   0x000ff2    program     extern C:\20110804_pro\ChannelsOf12And06\Microchip\TCPIP Stack\TCP.c
                TCPFindEx   0x00170e    program     extern C:\20110804_pro\ChannelsOf12And06\Microchip\TCPIP Stack\TCP.c
        TCPFindROMArrayEx   0x001366    program     extern C:\20110804_pro\ChannelsOf12And06\Microchip\TCPIP Stack\TCP.c
                 TCPFlush   0x00076c    program     extern C:\20110804_pro\ChannelsOf12And06\Microchip\TCPIP Stack\TCP.c
                   TCPGet   0x000d9c    program     extern C:\20110804_pro\ChannelsOf12And06\Microchip\TCPIP Stack\TCP.c
              TCPGetArray   0x000e48    program     extern C:\20110804_pro\ChannelsOf12And06\Microchip\TCPIP Stack\TCP.c
         TCPGetRemoteInfo   0x00072c    program     extern C:\20110804_pro\ChannelsOf12And06\Microchip\TCPIP Stack\TCP.c
         TCPGetRxFIFOFree   0x000fae    program     extern C:\20110804_pro\ChannelsOf12And06\Microchip\TCPIP Stack\TCP.c
         TCPGetTxFIFOFull   0x000cb6    program     extern C:\20110804_pro\ChannelsOf12And06\Microchip\TCPIP Stack\TCP.c
                  TCPInit   0x000270    program     extern C:\20110804_pro\ChannelsOf12And06\Microchip\TCPIP Stack\TCP.c
           TCPIsConnected   0x00068e    program     extern C:\20110804_pro\ChannelsOf12And06\Microchip\TCPIP Stack\TCP.c
            TCPIsGetReady   0x000d38    program     extern C:\20110804_pro\ChannelsOf12And06\Microchip\TCPIP Stack\TCP.c
            TCPIsPutReady   0x000794    program     extern C:\20110804_pro\ChannelsOf12And06\Microchip\TCPIP Stack\TCP.c
                  TCPOpen   0x0004fc    program     extern C:\20110804_pro\ChannelsOf12And06\Microchip\TCPIP Stack\TCP.c
               TCPProcess   0x001ec4    program     extern C:\20110804_pro\ChannelsOf12And06\Microchip\TCPIP Stack\TCP.c
                   TCPPut   0x000812    program     extern C:\20110804_pro\ChannelsOf12And06\Microchip\TCPIP Stack\TCP.c
              TCPPutArray   0x0008fa    program     extern C:\20110804_pro\ChannelsOf12And06\Microchip\TCPIP Stack\TCP.c
           TCPPutROMArray   0x000a86    program     extern C:\20110804_pro\ChannelsOf12And06\Microchip\TCPIP Stack\TCP.c
          TCPPutROMString   0x000c58    program     extern C:\20110804_pro\ChannelsOf12And06\Microchip\TCPIP Stack\TCP.c
             TCPPutString   0x000c18    program     extern C:\20110804_pro\ChannelsOf12And06\Microchip\TCPIP Stack\TCP.c
               TCPRAMCopy   0x003f5a    program     static C:\20110804_pro\ChannelsOf12And06\Microchip\TCPIP Stack\TCP.c
            TCPRAMCopyROM   0x00401a    program     static C:\20110804_pro\ChannelsOf12And06\Microchip\TCPIP Stack\TCP.c
     TCPSocketInitializer   0x016ba2    program     extern C:\20110804_pro\ChannelsOf12And06\TCPIP Demo App\TCPIPConfig.h
                  TCPTick   0x00173e    program     extern C:\20110804_pro\ChannelsOf12And06\Microchip\TCPIP Stack\TCP.c
              TCPWasReset   0x000676    program     extern C:\20110804_pro\ChannelsOf12And06\Microchip\TCPIP Stack\TCP.c
              TPHIConvert   0x0152bc    program     extern C:\20110804_pro\ChannelsOf12And06\TCPIP Demo App\SHT10Manage.c
               TSIGN1616A   0x014364    program     static C:\MCC18\SRC\TRADIT~1\MATH\fxm1616s.asm
TickConvertToMilliseconds   0x01674e    program     extern C:\20110804_pro\ChannelsOf12And06\Microchip\TCPIP Stack\Tick.c
                  TickGet   0x0166ec    program     extern C:\20110804_pro\ChannelsOf12And06\Microchip\TCPIP Stack\Tick.c
            TickGetDiv256   0x016702    program     extern C:\20110804_pro\ChannelsOf12And06\Microchip\TCPIP Stack\Tick.c
            TickGetDiv64K   0x016728    program     extern C:\20110804_pro\ChannelsOf12And06\Microchip\TCPIP Stack\Tick.c
                 TickInit   0x0166b6    program     extern C:\20110804_pro\ChannelsOf12And06\Microchip\TCPIP Stack\Tick.c
               TickUpdate   0x01677c    program     extern C:\20110804_pro\ChannelsOf12And06\Microchip\TCPIP Stack\Tick.c
                    TmTsk   0x0165a8    program     extern C:\20110804_pro\ChannelsOf12And06\TCPIP Demo App\TimeTsk.c
                 UDPClose   0x0109ca    program     extern C:\20110804_pro\ChannelsOf12And06\Microchip\TCPIP Stack\UDP.c
               UDPDiscard   0x010f76    program     extern C:\20110804_pro\ChannelsOf12And06\Microchip\TCPIP Stack\UDP.c
                 UDPFlush   0x010cec    program     extern C:\20110804_pro\ChannelsOf12And06\Microchip\TCPIP Stack\UDP.c
                   UDPGet   0x010ec8    program     extern C:\20110804_pro\ChannelsOf12And06\Microchip\TCPIP Stack\UDP.c
              UDPGetArray   0x010efc    program     extern C:\20110804_pro\ChannelsOf12And06\Microchip\TCPIP Stack\UDP.c
                  UDPInit   0x01087e    program     extern C:\20110804_pro\ChannelsOf12And06\Microchip\TCPIP Stack\UDP.c
            UDPIsGetReady   0x010e98    program     extern C:\20110804_pro\ChannelsOf12And06\Microchip\TCPIP Stack\UDP.c
            UDPIsPutReady   0x010a82    program     extern C:\20110804_pro\ChannelsOf12And06\Microchip\TCPIP Stack\UDP.c
                  UDPOpen   0x0108a0    program     extern C:\20110804_pro\ChannelsOf12And06\Microchip\TCPIP Stack\UDP.c
               UDPProcess   0x010f8a    program     extern C:\20110804_pro\ChannelsOf12And06\Microchip\TCPIP Stack\UDP.c
                   UDPPut   0x010aec    program     extern C:\20110804_pro\ChannelsOf12And06\Microchip\TCPIP Stack\UDP.c
              UDPPutArray   0x010b36    program     extern C:\20110804_pro\ChannelsOf12And06\Microchip\TCPIP Stack\UDP.c
           UDPPutROMArray   0x010bc4    program     extern C:\20110804_pro\ChannelsOf12And06\Microchip\TCPIP Stack\UDP.c
          UDPPutROMString   0x010c92    program     extern C:\20110804_pro\ChannelsOf12And06\Microchip\TCPIP Stack\UDP.c
             UDPPutString   0x010c56    program     extern C:\20110804_pro\ChannelsOf12And06\Microchip\TCPIP Stack\UDP.c
           UDPSetRxBuffer   0x010a60    program     extern C:\20110804_pro\ChannelsOf12And06\Microchip\TCPIP Stack\UDP.c
           UDPSetTxBuffer   0x010a12    program     extern C:\20110804_pro\ChannelsOf12And06\Microchip\TCPIP Stack\UDP.c
                  UDPTask   0x01089a    program     extern C:\20110804_pro\ChannelsOf12And06\Microchip\TCPIP Stack\UDP.c
                UpdataRTC   0x01515c    program     extern C:\20110804_pro\ChannelsOf12And06\TCPIP Demo App\DS1302.c
              WriteDS1302   0x014f3c    program     extern C:\20110804_pro\ChannelsOf12And06\TCPIP Demo App\DS1302.c
              WritePHYReg   0x011b5c    program     extern C:\20110804_pro\ChannelsOf12And06\Microchip\TCPIP Stack\ETH97J60.c
             XEEBeginRead   0x015e7a    program     extern C:\20110804_pro\ChannelsOf12And06\Microchip\TCPIP Stack\SPIEEPROM.c
            XEEBeginWrite   0x015f68    program     extern C:\20110804_pro\ChannelsOf12And06\Microchip\TCPIP Stack\SPIEEPROM.c
               XEEEndRead   0x015ef4    program     extern C:\20110804_pro\ChannelsOf12And06\Microchip\TCPIP Stack\SPIEEPROM.c
              XEEEndWrite   0x015fb0    program     extern C:\20110804_pro\ChannelsOf12And06\Microchip\TCPIP Stack\SPIEEPROM.c
                  XEEInit   0x015e64    program     extern C:\20110804_pro\ChannelsOf12And06\Microchip\TCPIP Stack\SPIEEPROM.c
                XEEIsBusy   0x01607c    program     extern C:\20110804_pro\ChannelsOf12And06\Microchip\TCPIP Stack\SPIEEPROM.c
                  XEERead   0x015e9a    program     extern C:\20110804_pro\ChannelsOf12And06\Microchip\TCPIP Stack\SPIEEPROM.c
             XEEReadArray   0x015efa    program     extern C:\20110804_pro\ChannelsOf12And06\Microchip\TCPIP Stack\SPIEEPROM.c
                 XEEWrite   0x015f88    program     extern C:\20110804_pro\ChannelsOf12And06\Microchip\TCPIP Stack\SPIEEPROM.c
                  _14jEnd   0x0163f4    program     static C:\MCC18\SRC\TRADIT~1\STDCLIB\atol.asm
              _2jContinue   0x015784    program     static C:\MCC18\SRC\TRADIT~1\STDCLIB\memset.asm
                   _2jEnd   0x0158c8    program     static C:\MCC18\SRC\TRADIT~1\STDCLIB\slenpgm.asm
              _3jContinue   0x015750    program     static C:\MCC18\SRC\TRADIT~1\STDCLIB\mcpyp2r.asm
              _3jContinue   0x0156b4    program     static C:\MCC18\SRC\TRADIT~1\STDCLIB\mcmpp2r.asm
                   _3jEnd   0x01578e    program     static C:\MCC18\SRC\TRADIT~1\STDCLIB\memset.asm
              _4jContinue   0x0156fc    program     static C:\MCC18\SRC\TRADIT~1\STDCLIB\memcpy.asm
              _4jContinue   0x015664    program     static C:\MCC18\SRC\TRADIT~1\STDCLIB\memcmp.asm
              _4jContinue   0x015912    program     static C:\MCC18\SRC\TRADIT~1\STDCLIB\strncpy.asm
                   _4jEnd   0x0156be    program     static C:\MCC18\SRC\TRADIT~1\STDCLIB\mcmpp2r.asm
                   _4jEnd   0x01575a    program     static C:\MCC18\SRC\TRADIT~1\STDCLIB\mcpyp2r.asm
                   _5jEnd   0x01591c    program     static C:\MCC18\SRC\TRADIT~1\STDCLIB\strncpy.asm
                   _5jEnd   0x01566e    program     static C:\MCC18\SRC\TRADIT~1\STDCLIB\memcmp.asm
                   _5jEnd   0x015706    program     static C:\MCC18\SRC\TRADIT~1\STDCLIB\memcpy.asm
        _D10TCYXCODE_000A   0x016b96    program     static C:\MCC18\SRC\TRADIT~1\DELAYS\d10tcyx.asm
        _D10TCYXCODE_000C   0x016b98    program     static C:\MCC18\SRC\TRADIT~1\DELAYS\d10tcyx.asm
[...]
                 DDRDbits   0x000f95       data     extern C:\MCC18\src\traditional\proc\p18f97j60.asm
                TRISDbits   0x000f95       data     extern C:\MCC18\src\traditional\proc\p18f97j60.asm
                    TRISD   0x000f95       data     extern C:\MCC18\src\traditional\proc\p18f97j60.asm
                    TRISE   0x000f96       data     extern C:\MCC18\src\traditional\proc\p18f97j60.asm
                     DDRE   0x000f96       data     extern C:\MCC18\src\traditional\proc\p18f97j60.asm
                 DDREbits   0x000f96       data     extern C:\MCC18\src\traditional\proc\p18f97j60.asm
                TRISEbits   0x000f96       data     extern C:\MCC18\src\traditional\proc\p18f97j60.asm
                    TRISF   0x000f97       data     extern C:\MCC18\src\traditional\proc\p18f97j60.asm
                TRISFbits   0x000f97       data     extern C:\MCC18\src\traditional\proc\p18f97j60.asm
                     DDRF   0x000f97       data     extern C:\MCC18\src\traditional\proc\p18f97j60.asm
                 DDRFbits   0x000f97       data     extern C:\MCC18\src\traditional\proc\p18f97j60.asm
                    TRISG   0x000f98       data     extern C:\MCC18\src\traditional\proc\p18f97j60.asm
                TRISGbits   0x000f98       data     extern C:\MCC18\src\traditional\proc\p18f97j60.asm
                 DDRGbits   0x000f98       data     extern C:\MCC18\src\traditional\proc\p18f97j60.asm
                     DDRG   0x000f98       data     extern C:\MCC18\src\traditional\proc\p18f97j60.asm
                TRISHbits   0x000f99       data     extern C:\MCC18\src\traditional\proc\p18f97j60.asm
                 DDRHbits   0x000f99       data     extern C:\MCC18\src\traditional\proc\p18f97j60.asm
                     DDRH   0x000f99       data     extern C:\MCC18\src\traditional\proc\p18f97j60.asm
                    TRISH   0x000f99       data     extern C:\MCC18\src\traditional\proc\p18f97j60.asm
                    TRISJ   0x000f9a       data     extern C:\MCC18\src\traditional\proc\p18f97j60.asm
                TRISJbits   0x000f9a       data     extern C:\MCC18\src\traditional\proc\p18f97j60.asm
                 DDRJbits   0x000f9a       data     extern C:\MCC18\src\traditional\proc\p18f97j60.asm
                     DDRJ   0x000f9a       data     extern C:\MCC18\src\traditional\proc\p18f97j60.asm
              OSCTUNEbits   0x000f9b       data     extern C:\MCC18\src\traditional\proc\p18f97j60.asm
                  OSCTUNE   0x000f9b       data     extern C:\MCC18\src\traditional\proc\p18f97j60.asm
                   MEMCON   0x000f9c       data     extern C:\MCC18\src\traditional\proc\p18f97j60.asm
               MEMCONbits   0x000f9c       data     extern C:\MCC18\src\traditional\proc\p18f97j60.asm
                 PIE1bits   0x000f9d       data     extern C:\MCC18\src\traditional\proc\p18f97j60.asm
                     PIE1   0x000f9d       data     extern C:\MCC18\src\traditional\proc\p18f97j60.asm
                 PIR1bits   0x000f9e       data     extern C:\MCC18\src\traditional\proc\p18f97j60.asm
                     PIR1   0x000f9e       data     extern C:\MCC18\src\traditional\proc\p18f97j60.asm
                 IPR1bits   0x000f9f       data     extern C:\MCC18\src\traditional\proc\p18f97j60.asm
                     IPR1   0x000f9f       data     extern C:\MCC18\src\traditional\proc\p18f97j60.asm
                     PIE2   0x000fa0       data     extern C:\MCC18\src\traditional\proc\p18f97j60.asm
                 PIE2bits   0x000fa0       data     extern C:\MCC18\src\traditional\proc\p18f97j60.asm
                 PIR2bits   0x000fa1       data     extern C:\MCC18\src\traditional\proc\p18f97j60.asm
                     PIR2   0x000fa1       data     extern C:\MCC18\src\traditional\proc\p18f97j60.asm
                     IPR2   0x000fa2       data     extern C:\MCC18\src\traditional\proc\p18f97j60.asm
                 IPR2bits   0x000fa2       data     extern C:\MCC18\src\traditional\proc\p18f97j60.asm
                     PIE3   0x000fa3       data     extern C:\MCC18\src\traditional\proc\p18f97j60.asm
                 PIE3bits   0x000fa3       data     extern C:\MCC18\src\traditional\proc\p18f97j60.asm
                 PIR3bits   0x000fa4       data     extern C:\MCC18\src\traditional\proc\p18f97j60.asm
                     PIR3   0x000fa4       data     extern C:\MCC18\src\traditional\proc\p18f97j60.asm
                     IPR3   0x000fa5       data     extern C:\MCC18\src\traditional\proc\p18f97j60.asm
                 IPR3bits   0x000fa5       data     extern C:\MCC18\src\traditional\proc\p18f97j60.asm
               EECON1bits   0x000fa6       data     extern C:\MCC18\src\traditional\proc\p18f97j60.asm
                   EECON1   0x000fa6       data     extern C:\MCC18\src\traditional\proc\p18f97j60.asm
                   EECON2   0x000fa7       data     extern C:\MCC18\src\traditional\proc\p18f97j60.asm
                    RCSTA   0x000fab       data     extern C:\MCC18\src\traditional\proc\p18f97j60.asm
                   RCSTA1   0x000fab       data     extern C:\MCC18\src\traditional\proc\p18f97j60.asm
                RCSTAbits   0x000fab       data     extern C:\MCC18\src\traditional\proc\p18f97j60.asm
               RCSTA1bits   0x000fab       data     extern C:\MCC18\src\traditional\proc\p18f97j60.asm
                   TXSTA1   0x000fac       data     extern C:\MCC18\src\traditional\proc\p18f97j60.asm
               TXSTA1bits   0x000fac       data     extern C:\MCC18\src\traditional\proc\p18f97j60.asm
                TXSTAbits   0x000fac       data     extern C:\MCC18\src\traditional\proc\p18f97j60.asm
                    TXSTA   0x000fac       data     extern C:\MCC18\src\traditional\proc\p18f97j60.asm
                   TXREG1   0x000fad       data     extern C:\MCC18\src\traditional\proc\p18f97j60.asm
                    TXREG   0x000fad       data     extern C:\MCC18\src\traditional\proc\p18f97j60.asm
                    RCREG   0x000fae       data     extern C:\MCC18\src\traditional\proc\p18f97j60.asm
                   RCREG1   0x000fae       data     extern C:\MCC18\src\traditional\proc\p18f97j60.asm
                   SPBRG1   0x000faf       data     extern C:\MCC18\src\traditional\proc\p18f97j60.asm
                    SPBRG   0x000faf       data     extern C:\MCC18\src\traditional\proc\p18f97j60.asm
               PSPCONbits   0x000fb0       data     extern C:\MCC18\src\traditional\proc\p18f97j60.asm
                   PSPCON   0x000fb0       data     extern C:\MCC18\src\traditional\proc\p18f97j60.asm
                    T3CON   0x000fb1       data     extern C:\MCC18\src\traditional\proc\p18f97j60.asm
                T3CONbits   0x000fb1       data     extern C:\MCC18\src\traditional\proc\p18f97j60.asm
                    TMR3L   0x000fb2       data     extern C:\MCC18\src\traditional\proc\p18f97j60.asm
                    TMR3H   0x000fb3       data     extern C:\MCC18\src\traditional\proc\p18f97j60.asm
                    CMCON   0x000fb4       data     extern C:\MCC18\src\traditional\proc\p18f97j60.asm
                CMCONbits   0x000fb4       data     extern C:\MCC18\src\traditional\proc\p18f97j60.asm
                   CVRCON   0x000fb5       data     extern C:\MCC18\src\traditional\proc\p18f97j60.asm
               CVRCONbits   0x000fb5       data     extern C:\MCC18\src\traditional\proc\p18f97j60.asm
                  ECCP1AS   0x000fb6       data     extern C:\MCC18\src\traditional\proc\p18f97j60.asm
              ECCP1ASbits   0x000fb6       data     extern C:\MCC18\src\traditional\proc\p18f97j60.asm
             ECCP3CONbits   0x000fb7       data     extern C:\MCC18\src\traditional\proc\p18f97j60.asm
                 ECCP3CON   0x000fb7       data     extern C:\MCC18\src\traditional\proc\p18f97j60.asm
                  CCP3CON   0x000fb7       data     extern C:\MCC18\src\traditional\proc\p18f97j60.asm
              CCP3CONbits   0x000fb7       data     extern C:\MCC18\src\traditional\proc\p18f97j60.asm
                   CCPR3L   0x000fb8       data     extern C:\MCC18\src\traditional\proc\p18f97j60.asm
                    CCPR3   0x000fb8       data     extern C:\MCC18\src\traditional\proc\p18f97j60.asm
                   CCPR3H   0x000fb9       data     extern C:\MCC18\src\traditional\proc\p18f97j60.asm
              CCP2CONbits   0x000fba       data     extern C:\MCC18\src\traditional\proc\p18f97j60.asm
                  CCP2CON   0x000fba       data     extern C:\MCC18\src\traditional\proc\p18f97j60.asm
             ECCP2CONbits   0x000fba       data     extern C:\MCC18\src\traditional\proc\p18f97j60.asm
                 ECCP2CON   0x000fba       data     extern C:\MCC18\src\traditional\proc\p18f97j60.asm
                   CCPR2L   0x000fbb       data     extern C:\MCC18\src\traditional\proc\p18f97j60.asm
                    CCPR2   0x000fbb       data     extern C:\MCC18\src\traditional\proc\p18f97j60.asm
                   CCPR2H   0x000fbc       data     extern C:\MCC18\src\traditional\proc\p18f97j60.asm
                 ECCP1CON   0x000fbd       data     extern C:\MCC18\src\traditional\proc\p18f97j60.asm
             ECCP1CONbits   0x000fbd       data     extern C:\MCC18\src\traditional\proc\p18f97j60.asm
              CCP1CONbits   0x000fbd       data     extern C:\MCC18\src\traditional\proc\p18f97j60.asm
                  CCP1CON   0x000fbd       data     extern C:\MCC18\src\traditional\proc\p18f97j60.asm
                    CCPR1   0x000fbe       data     extern C:\MCC18\src\traditional\proc\p18f97j60.asm
                   CCPR1L   0x000fbe       data     extern C:\MCC18\src\traditional\proc\p18f97j60.asm
                   CCPR1H   0x000fbf       data     extern C:\MCC18\src\traditional\proc\p18f97j60.asm
               ADCON2bits   0x000fc0       data     extern C:\MCC18\src\traditional\proc\p18f97j60.asm
                   ADCON2   0x000fc0       data     extern C:\MCC18\src\traditional\proc\p18f97j60.asm
               ADCON1bits   0x000fc1       data     extern C:\MCC18\src\traditional\proc\p18f97j60.asm
                   ADCON1   0x000fc1       data     extern C:\MCC18\src\traditional\proc\p18f97j60.asm
               ADCON0bits   0x000fc2       data     extern C:\MCC18\src\traditional\proc\p18f97j60.asm
                   ADCON0   0x000fc2       data     extern C:\MCC18\src\traditional\proc\p18f97j60.asm
                    ADRES   0x000fc3       data     extern C:\MCC18\src\traditional\proc\p18f97j60.asm
                   ADRESL   0x000fc3       data     extern C:\MCC18\src\traditional\proc\p18f97j60.asm
                   ADRESH   0x000fc4       data     extern C:\MCC18\src\traditional\proc\p18f97j60.asm
              SSPCON2bits   0x000fc5       data     extern C:\MCC18\src\traditional\proc\p18f97j60.asm
                 SSP1CON2   0x000fc5       data     extern C:\MCC18\src\traditional\proc\p18f97j60.asm
             SSP1CON2bits   0x000fc5       data     extern C:\MCC18\src\traditional\proc\p18f97j60.asm
                  SSPCON2   0x000fc5       data     extern C:\MCC18\src\traditional\proc\p18f97j60.asm
                 SSP1CON1   0x000fc6       data     extern C:\MCC18\src\traditional\proc\p18f97j60.asm
             SSP1CON1bits   0x000fc6       data     extern C:\MCC18\src\traditional\proc\p18f97j60.asm
              SSPCON1bits   0x000fc6       data     extern C:\MCC18\src\traditional\proc\p18f97j60.asm
                  SSPCON1   0x000fc6       data     extern C:\MCC18\src\traditional\proc\p18f97j60.asm
              SSPSTATbits   0x000fc7       data     extern C:\MCC18\src\traditional\proc\p18f97j60.asm
                  SSPSTAT   0x000fc7       data     extern C:\MCC18\src\traditional\proc\p18f97j60.asm
             SSP1STATbits   0x000fc7       data     extern C:\MCC18\src\traditional\proc\p18f97j60.asm
                 SSP1STAT   0x000fc7       data     extern C:\MCC18\src\traditional\proc\p18f97j60.asm
                   SSPADD   0x000fc8       data     extern C:\MCC18\src\traditional\proc\p18f97j60.asm
                  SSP1ADD   0x000fc8       data     extern C:\MCC18\src\traditional\proc\p18f97j60.asm
                   SSPBUF   0x000fc9       data     extern C:\MCC18\src\traditional\proc\p18f97j60.asm
                  SSP1BUF   0x000fc9       data     extern C:\MCC18\src\traditional\proc\p18f97j60.asm
                T2CONbits   0x000fca       data     extern C:\MCC18\src\traditional\proc\p18f97j60.asm
                    T2CON   0x000fca       data     extern C:\MCC18\src\traditional\proc\p18f97j60.asm
                      PR2   0x000fcb       data     extern C:\MCC18\src\traditional\proc\p18f97j60.asm
                     TMR2   0x000fcc       data     extern C:\MCC18\src\traditional\proc\p18f97j60.asm
                    T1CON   0x000fcd       data     extern C:\MCC18\src\traditional\proc\p18f97j60.asm
                T1CONbits   0x000fcd       data     extern C:\MCC18\src\traditional\proc\p18f97j60.asm
                    TMR1L   0x000fce       data     extern C:\MCC18\src\traditional\proc\p18f97j60.asm
                    TMR1H   0x000fcf       data     extern C:\MCC18\src\traditional\proc\p18f97j60.asm
                     RCON   0x000fd0       data     extern C:\MCC18\src\traditional\proc\p18f97j60.asm
                 RCONbits   0x000fd0       data     extern C:\MCC18\src\traditional\proc\p18f97j60.asm
               WDTCONbits   0x000fd1       data     extern C:\MCC18\src\traditional\proc\p18f97j60.asm
                   WDTCON   0x000fd1       data     extern C:\MCC18\src\traditional\proc\p18f97j60.asm
                    ECON1   0x000fd2       data     extern C:\MCC18\src\traditional\proc\p18f97j60.asm
                ECON1bits   0x000fd2       data     extern C:\MCC18\src\traditional\proc\p18f97j60.asm
               OSCCONbits   0x000fd3       data     extern C:\MCC18\src\traditional\proc\p18f97j60.asm
                   OSCCON   0x000fd3       data     extern C:\MCC18\src\traditional\proc\p18f97j60.asm
                T0CONbits   0x000fd5       data     extern C:\MCC18\src\traditional\proc\p18f97j60.asm
                    T0CON   0x000fd5       data     extern C:\MCC18\src\traditional\proc\p18f97j60.asm
                    TMR0L   0x000fd6       data     extern C:\MCC18\src\traditional\proc\p18f97j60.asm
                    TMR0H   0x000fd7       data     extern C:\MCC18\src\traditional\proc\p18f97j60.asm
               STATUSbits   0x000fd8       data     extern C:\MCC18\src\traditional\proc\p18f97j60.asm
                   STATUS   0x000fd8       data     extern C:\MCC18\src\traditional\proc\p18f97j60.asm
                     FSR2   0x000fd9       data     extern C:\MCC18\src\traditional\proc\p18f97j60.asm
                    FSR2L   0x000fd9       data     extern C:\MCC18\src\traditional\proc\p18f97j60.asm
                    FSR2H   0x000fda       data     extern C:\MCC18\src\traditional\proc\p18f97j60.asm
                   PLUSW2   0x000fdb       data     extern C:\MCC18\src\traditional\proc\p18f97j60.asm
                  PREINC2   0x000fdc       data     extern C:\MCC18\src\traditional\proc\p18f97j60.asm
                 POSTDEC2   0x000fdd       data     extern C:\MCC18\src\traditional\proc\p18f97j60.asm
                 POSTINC2   0x000fde       data     extern C:\MCC18\src\traditional\proc\p18f97j60.asm
                    INDF2   0x000fdf       data     extern C:\MCC18\src\traditional\proc\p18f97j60.asm
                      BSR   0x000fe0       data     extern C:\MCC18\src\traditional\proc\p18f97j60.asm
                    FSR1L   0x000fe1       data     extern C:\MCC18\src\traditional\proc\p18f97j60.asm
                     FSR1   0x000fe1       data     extern C:\MCC18\src\traditional\proc\p18f97j60.asm
                    FSR1H   0x000fe2       data     extern C:\MCC18\src\traditional\proc\p18f97j60.asm
                   PLUSW1   0x000fe3       data     extern C:\MCC18\src\traditional\proc\p18f97j60.asm
                  PREINC1   0x000fe4       data     extern C:\MCC18\src\traditional\proc\p18f97j60.asm
                 POSTDEC1   0x000fe5       data     extern C:\MCC18\src\traditional\proc\p18f97j60.asm
                 POSTINC1   0x000fe6       data     extern C:\MCC18\src\traditional\proc\p18f97j60.asm
                    INDF1   0x000fe7       data     extern C:\MCC18\src\traditional\proc\p18f97j60.asm
                     WREG   0x000fe8       data     extern C:\MCC18\src\traditional\proc\p18f97j60.asm
                     FSR0   0x000fe9       data     extern C:\MCC18\src\traditional\proc\p18f97j60.asm
                    FSR0L   0x000fe9       data     extern C:\MCC18\src\traditional\proc\p18f97j60.asm
                    FSR0H   0x000fea       data     extern C:\MCC18\src\traditional\proc\p18f97j60.asm
                   PLUSW0   0x000feb       data     extern C:\MCC18\src\traditional\proc\p18f97j60.asm
                  PREINC0   0x000fec       data     extern C:\MCC18\src\traditional\proc\p18f97j60.asm
                 POSTDEC0   0x000fed       data     extern C:\MCC18\src\traditional\proc\p18f97j60.asm
                 POSTINC0   0x000fee       data     extern C:\MCC18\src\traditional\proc\p18f97j60.asm
                    INDF0   0x000fef       data     extern C:\MCC18\src\traditional\proc\p18f97j60.asm
                  INTCON3   0x000ff0       data     extern C:\MCC18\src\traditional\proc\p18f97j60.asm
              INTCON3bits   0x000ff0       data     extern C:\MCC18\src\traditional\proc\p18f97j60.asm
                  INTCON2   0x000ff1       data     extern C:\MCC18\src\traditional\proc\p18f97j60.asm
              INTCON2bits   0x000ff1       data     extern C:\MCC18\src\traditional\proc\p18f97j60.asm
               INTCONbits   0x000ff2       data     extern C:\MCC18\src\traditional\proc\p18f97j60.asm
                   INTCON   0x000ff2       data     extern C:\MCC18\src\traditional\proc\p18f97j60.asm
                     PROD   0x000ff3       data     extern C:\MCC18\src\traditional\proc\p18f97j60.asm
                    PRODL   0x000ff3       data     extern C:\MCC18\src\traditional\proc\p18f97j60.asm
                    PRODH   0x000ff4       data     extern C:\MCC18\src\traditional\proc\p18f97j60.asm
                   TABLAT   0x000ff5       data     extern C:\MCC18\src\traditional\proc\p18f97j60.asm
                  TBLPTRL   0x000ff6       data     extern C:\MCC18\src\traditional\proc\p18f97j60.asm
                   TBLPTR   0x000ff6       data     extern C:\MCC18\src\traditional\proc\p18f97j60.asm
                  TBLPTRH   0x000ff7       data     extern C:\MCC18\src\traditional\proc\p18f97j60.asm
                  TBLPTRU   0x000ff8       data     extern C:\MCC18\src\traditional\proc\p18f97j60.asm
                      PCL   0x000ff9       data     extern C:\MCC18\src\traditional\proc\p18f97j60.asm
                       PC   0x000ff9       data     extern C:\MCC18\src\traditional\proc\p18f97j60.asm
                   PCLATH   0x000ffa       data     extern C:\MCC18\src\traditional\proc\p18f97j60.asm
                   PCLATU   0x000ffb       data     extern C:\MCC18\src\traditional\proc\p18f97j60.asm
                   STKPTR   0x000ffc       data     extern C:\MCC18\src\traditional\proc\p18f97j60.asm
               STKPTRbits   0x000ffc       data     extern C:\MCC18\src\traditional\proc\p18f97j60.asm
                     TOSL   0x000ffd       data     extern C:\MCC18\src\traditional\proc\p18f97j60.asm
                      TOS   0x000ffd       data     extern C:\MCC18\src\traditional\proc\p18f97j60.asm
                     TOSH   0x000ffe       data     extern C:\MCC18\src\traditional\proc\p18f97j60.asm
                     TOSU   0x000fff       data     extern C:\MCC18\src\traditional\proc\p18f97j60.asm


